// Jest Snapshot v1, https://goo.gl/fbAQLP

exports[`ColorPicker matches snapshot no selection 1`] = `
.c5 {
  display: inline-block;
  vertical-align: -.125em;
  overflow: hidden;
}

.c4 {
  display: none;
}

.c2 {
  background-color: #ffff8a;
  border: 1px solid #fed200;
  height: 2.4rem;
  width: 2.4rem;
  display: -webkit-box;
  display: -webkit-flex;
  display: -ms-flexbox;
  display: flex;
  -webkit-box-pack: center;
  -webkit-justify-content: center;
  -ms-flex-pack: center;
  justify-content: center;
  -webkit-align-items: center;
  -webkit-box-align: center;
  -ms-flex-align: center;
  align-items: center;
  border-radius: 2rem;
}

.c2 .c3 {
  height: 1.6rem;
  width: 1.6rem;
}

.c2 input:checked + .c3 {
  color: #fed200;
  display: block;
}

.c6 {
  background-color: #def99f;
  border: 1px solid #92d101;
  height: 2.4rem;
  width: 2.4rem;
  display: -webkit-box;
  display: -webkit-flex;
  display: -ms-flexbox;
  display: flex;
  -webkit-box-pack: center;
  -webkit-justify-content: center;
  -ms-flex-pack: center;
  justify-content: center;
  -webkit-align-items: center;
  -webkit-box-align: center;
  -ms-flex-align: center;
  align-items: center;
  border-radius: 2rem;
}

.c6 .c3 {
  height: 1.6rem;
  width: 1.6rem;
}

.c6 input:checked + .c3 {
  color: #92d101;
  display: block;
}

.c7 {
  background-color: #c8f5ff;
  border: 1px solid #00c3ed;
  height: 2.4rem;
  width: 2.4rem;
  display: -webkit-box;
  display: -webkit-flex;
  display: -ms-flexbox;
  display: flex;
  -webkit-box-pack: center;
  -webkit-justify-content: center;
  -ms-flex-pack: center;
  justify-content: center;
  -webkit-align-items: center;
  -webkit-box-align: center;
  -ms-flex-align: center;
  align-items: center;
  border-radius: 2rem;
}

.c7 .c3 {
  height: 1.6rem;
  width: 1.6rem;
}

.c7 input:checked + .c3 {
  color: #00c3ed;
  display: block;
}

.c8 {
  background-color: #cbcfff;
  border: 1px solid #545ec8;
  height: 2.4rem;
  width: 2.4rem;
  display: -webkit-box;
  display: -webkit-flex;
  display: -ms-flexbox;
  display: flex;
  -webkit-box-pack: center;
  -webkit-justify-content: center;
  -ms-flex-pack: center;
  justify-content: center;
  -webkit-align-items: center;
  -webkit-box-align: center;
  -ms-flex-align: center;
  align-items: center;
  border-radius: 2rem;
}

.c8 .c3 {
  height: 1.6rem;
  width: 1.6rem;
}

.c8 input:checked + .c3 {
  color: #545ec8;
  display: block;
}

.c9 {
  background-color: #ffc5e1;
  border: 1px solid #de017e;
  height: 2.4rem;
  width: 2.4rem;
  display: -webkit-box;
  display: -webkit-flex;
  display: -ms-flexbox;
  display: flex;
  -webkit-box-pack: center;
  -webkit-justify-content: center;
  -ms-flex-pack: center;
  justify-content: center;
  -webkit-align-items: center;
  -webkit-box-align: center;
  -ms-flex-align: center;
  align-items: center;
  border-radius: 2rem;
}

.c9 .c3 {
  height: 1.6rem;
  width: 1.6rem;
}

.c9 input:checked + .c3 {
  color: #de017e;
  display: block;
}

.c1 {
  cursor: pointer;
  margin: 0 0.8rem 0.8rem 0;
}

.c1 input {
  position: absolute;
  opacity: 0;
  cursor: pointer;
  height: 0;
  width: 0;
}

.c0 {
  outline: none;
  display: -webkit-box;
  display: -webkit-flex;
  display: -ms-flexbox;
  display: flex;
  -webkit-flex-direction: row;
  -ms-flex-direction: row;
  flex-direction: row;
}

<div
  className="c0"
  tabIndex={-1}
>
  <label
    className="c1 c2"
    title="yellow"
  >
    <input
      checked={false}
      name="yellow"
      onChange={[Function]}
      type="checkbox"
    />
    <svg
      aria-hidden="true"
      className="c3 c4 c5"
      fill="currentColor"
      focusable="false"
      viewBox="0 0 512 512"
    >
      <path
        d="M173.898 439.404l-166.4-166.4c-9.997-9.997-9.997-26.206 0-36.204l36.203-36.204c9.997-9.998 26.207-9.998 36.204 0L192 312.69 432.095 72.596c9.997-9.997 26.207-9.997 36.204 0l36.203 36.204c9.997 9.997 9.997 26.206 0 36.204l-294.4 294.401c-9.998 9.997-26.207 9.997-36.204-.001z"
        fill="currentColor"
      />
    </svg>
  </label>
  <label
    className="c1 c6"
    title="green"
  >
    <input
      checked={false}
      name="green"
      onChange={[Function]}
      type="checkbox"
    />
    <svg
      aria-hidden="true"
      className="c3 c4 c5"
      fill="currentColor"
      focusable="false"
      viewBox="0 0 512 512"
    >
      <path
        d="M173.898 439.404l-166.4-166.4c-9.997-9.997-9.997-26.206 0-36.204l36.203-36.204c9.997-9.998 26.207-9.998 36.204 0L192 312.69 432.095 72.596c9.997-9.997 26.207-9.997 36.204 0l36.203 36.204c9.997 9.997 9.997 26.206 0 36.204l-294.4 294.401c-9.998 9.997-26.207 9.997-36.204-.001z"
        fill="currentColor"
      />
    </svg>
  </label>
  <label
    className="c1 c7"
    title="blue"
  >
    <input
      checked={false}
      name="blue"
      onChange={[Function]}
      type="checkbox"
    />
    <svg
      aria-hidden="true"
      className="c3 c4 c5"
      fill="currentColor"
      focusable="false"
      viewBox="0 0 512 512"
    >
      <path
        d="M173.898 439.404l-166.4-166.4c-9.997-9.997-9.997-26.206 0-36.204l36.203-36.204c9.997-9.998 26.207-9.998 36.204 0L192 312.69 432.095 72.596c9.997-9.997 26.207-9.997 36.204 0l36.203 36.204c9.997 9.997 9.997 26.206 0 36.204l-294.4 294.401c-9.998 9.997-26.207 9.997-36.204-.001z"
        fill="currentColor"
      />
    </svg>
  </label>
  <label
    className="c1 c8"
    title="purple"
  >
    <input
      checked={false}
      name="purple"
      onChange={[Function]}
      type="checkbox"
    />
    <svg
      aria-hidden="true"
      className="c3 c4 c5"
      fill="currentColor"
      focusable="false"
      viewBox="0 0 512 512"
    >
      <path
        d="M173.898 439.404l-166.4-166.4c-9.997-9.997-9.997-26.206 0-36.204l36.203-36.204c9.997-9.998 26.207-9.998 36.204 0L192 312.69 432.095 72.596c9.997-9.997 26.207-9.997 36.204 0l36.203 36.204c9.997 9.997 9.997 26.206 0 36.204l-294.4 294.401c-9.998 9.997-26.207 9.997-36.204-.001z"
        fill="currentColor"
      />
    </svg>
  </label>
  <label
    className="c1 c9"
    title="pink"
  >
    <input
      checked={false}
      name="pink"
      onChange={[Function]}
      type="checkbox"
    />
    <svg
      aria-hidden="true"
      className="c3 c4 c5"
      fill="currentColor"
      focusable="false"
      viewBox="0 0 512 512"
    >
      <path
        d="M173.898 439.404l-166.4-166.4c-9.997-9.997-9.997-26.206 0-36.204l36.203-36.204c9.997-9.998 26.207-9.998 36.204 0L192 312.69 432.095 72.596c9.997-9.997 26.207-9.997 36.204 0l36.203 36.204c9.997 9.997 9.997 26.206 0 36.204l-294.4 294.401c-9.998 9.997-26.207 9.997-36.204-.001z"
        fill="currentColor"
      />
    </svg>
  </label>
</div>
`;
