// Jest Snapshot v1, https://goo.gl/fbAQLP

exports[`Confirmation matches snapshot no selection 1`] = `
.c2 {
  display: -webkit-box;
  display: -webkit-flex;
  display: -ms-flexbox;
  display: flex;
  cursor: pointer;
  -webkit-align-items: center;
  -webkit-box-align: center;
  -ms-flex-align: center;
  align-items: center;
  -webkit-box-pack: center;
  -webkit-justify-content: center;
  -ms-flex-pack: center;
  justify-content: center;
  white-space: nowrap;
  font-family: Neue Helvetica W01;
  border-radius: 0.2rem;
  font-size: 1.4rem;
  height: 3rem;
  padding: 0 2rem;
  color: #fff;
  background-color: #f36b32;
  font-weight: bold;
  border: none;
}

.c2:hover {
  background-color: #e96128;
}

.c2:active {
  background-color: #df571e;
}

.c3 {
  display: -webkit-box;
  display: -webkit-flex;
  display: -ms-flexbox;
  display: flex;
  cursor: pointer;
  -webkit-align-items: center;
  -webkit-box-align: center;
  -ms-flex-align: center;
  align-items: center;
  -webkit-box-pack: center;
  -webkit-justify-content: center;
  -ms-flex-pack: center;
  justify-content: center;
  white-space: nowrap;
  font-family: Neue Helvetica W01;
  border-radius: 0.2rem;
  font-size: 1.4rem;
  height: 3rem;
  padding: 0 2rem;
  color: #5e6062;
  background-color: #fff;
  border: 1px solid #d5d5d5;
  font-weight: regular;
}

.c3:hover {
  background-color: #fafafa;
}

.c3:active {
  background-color: #e5e5e5;
}

.c1 {
  display: grid;
  overflow: visible;
  grid-auto-flow: column;
  grid-gap: 1rem;
}

.c0 {
  background: rgba(0,0,0,0.9);
  outline: none;
  border-radius: 0.4rem;
  box-shadow: 0 0 2px 0 rgba(0,0,0,0.14),0 2px 2px 0 rgba(0,0,0,0.12),0 1px 3px 0 rgba(0,0,0,0.2);
  -webkit-transition: background 200ms;
  transition: background 200ms;
  position: absolute;
  display: -webkit-box;
  display: -webkit-flex;
  display: -ms-flexbox;
  display: flex;
  -webkit-flex-direction: column;
  -ms-flex-direction: column;
  flex-direction: column;
  padding: 0.8rem 1.6rem;
  top: 0;
  right: 0;
  left: 0;
  overflow: visible;
  min-height: 100%;
}

.c0 label {
  font-family: Neue Helvetica W01;
  color: #424242;
  font-size: 1.4rem;
  line-height: 1.6rem;
  font-weight: normal;
  color: #fff;
  margin-bottom: 0.8rem;
}

<div
  className="c0"
  tabIndex={-1}
>
  <label>
    message
  </label>
  <div
    className="c1"
  >
    <button
      className="c2"
      data-testid="confirm"
      onClick={[Function]}
      size="small"
    >
      confirm
    </button>
    <button
      className="c3"
      data-testid="cancel"
      onClick={[Function]}
      size="small"
    >
      Cancel
    </button>
  </div>
</div>
`;
