// Jest Snapshot v1, https://goo.gl/fbAQLP

exports[`Note matches snapshot 1`] = `
<textarea
  className="Note__TextArea-sc-1lk7g7-0 gPZklF"
  maxLength={1000}
  onChange={[Function]}
  onFocus={[Function]}
  placeholder="Add a note..."
  value=""
/>
`;
