// Jest Snapshot v1, https://goo.gl/fbAQLP

exports[`ErrorBoundary matches snapshot 1`] = `
.c2 {
  font-family: Neue Helvetica W01;
  color: #424242;
  font-size: 3.6rem;
  line-height: 4rem;
  -webkit-letter-spacing: -0.02rem;
  -moz-letter-spacing: -0.02rem;
  -ms-letter-spacing: -0.02rem;
  letter-spacing: -0.02rem;
  padding: 2rem 0 1rem 0;
  margin: 0;
}

.c0 {
  margin: 3rem auto;
}

.c1 {
  text-align: center;
  margin-top: 5rem;
}

.c3 {
  font-family: Neue Helvetica W01;
  color: #424242;
  font-size: 1.4rem;
  line-height: 1.6rem;
  font-weight: normal;
  font-weight: 300;
}

<div
  className="c0"
>
  <div
    className="c1"
  >
    <h2
      className="c2"
    >
      Uh-oh, there's been a glitch
    </h2>
  </div>
  <div
    className="c3"
    dangerouslySetInnerHTML={
      Object {
        "__html": "
  Weâ€™re not quite sure what went wrong. You can try refreshing the page, or contact
  our <a href=\\"https://openstax.secure.force.com/help\\" target=\\"_blank\\">Support Center</a> for help.
",
      }
    }
  />
</div>
`;
