// Jest Snapshot v1, https://goo.gl/fbAQLP

exports[`search ToolBar matches snapshot when theme color and bannerColorButton variant are set 1`] = `
<div
  className="styled__BarWrapper-sc-1119auh-9 iBpta"
  data-analytics-region="toolbar"
>
  <div
    className="styled__TopBar-sc-1119auh-11 iMGONm"
    data-testid="toolbar"
  >
    <div
      className="styled__SearchPrintWrapper-sc-1119auh-8 gCGyni"
    >
      <form
        className="styled__SearchInputWrapper-sc-1119auh-6 gFglKV"
        data-testid="desktop-search"
        onSubmit={[Function]}
      >
        <input
          aria-label="Search this book"
          className="styled__SearchInput-sc-1119auh-7 fDlesR"
          data-testid="desktop-search-input"
          onChange={[Function]}
          placeholder="Search this book"
          type="search"
          value=""
        />
        <button
          aria-label="Search this book"
          className="styled__SearchButton-sc-1119auh-4 mjEXk styled__PlainButton-sc-1119auh-0 kPdLbJ"
          data-analytics-label="Search this book"
          data-testid="mobile-toggle"
          onClick={[Function]}
          type="button"
          value="Search"
        >
          <svg
            aria-hidden="true"
            height="18px"
            version="1.1"
            viewBox="0 0 18 18"
            width="18px"
          >
            <g
              fill="none"
              fillRule="evenodd"
              stroke="none"
              strokeWidth="1"
            >
              <g
                fill="currentColor"
                fillRule="nonzero"
                transform="translate(-938.000000, -206.000000)"
              >
                <path
                  d="M945,206 C948.865993,206 952,209.134007 952,213 C952,214.662837 951.420201,216.190255 950.45174,217.391118 L955.03033,221.96967 C955.323223,222.262563 955.323223,222.737437 955.03033,223.03033 C954.764064,223.296597 954.3474,223.320803 954.053788,223.102948 L953.96967,223.03033 L949.391118,218.45174 C948.190255,219.420201 946.662837,220 945,220 C941.134007,220 938,216.865993 938,213 C938,209.134007 941.134007,206 945,206 Z M945,207.5 C941.962434,207.5 939.5,209.962434 939.5,213 C939.5,216.037566 941.962434,218.5 945,218.5 C948.037566,218.5 950.5,216.037566 950.5,213 C950.5,209.962434 948.037566,207.5 945,207.5 Z"
                />
              </g>
            </g>
          </svg>
        </button>
        <button
          className="styled__SearchButton-sc-1119auh-4 iifCQr styled__PlainButton-sc-1119auh-0 kPdLbJ"
          value="Search"
        >
          <svg
            aria-hidden="true"
            height="18px"
            version="1.1"
            viewBox="0 0 18 18"
            width="18px"
          >
            <g
              fill="none"
              fillRule="evenodd"
              stroke="none"
              strokeWidth="1"
            >
              <g
                fill="currentColor"
                fillRule="nonzero"
                transform="translate(-938.000000, -206.000000)"
              >
                <path
                  d="M945,206 C948.865993,206 952,209.134007 952,213 C952,214.662837 951.420201,216.190255 950.45174,217.391118 L955.03033,221.96967 C955.323223,222.262563 955.323223,222.737437 955.03033,223.03033 C954.764064,223.296597 954.3474,223.320803 954.053788,223.102948 L953.96967,223.03033 L949.391118,218.45174 C948.190255,219.420201 946.662837,220 945,220 C941.134007,220 938,216.865993 938,213 C938,209.134007 941.134007,206 945,206 Z M945,207.5 C941.962434,207.5 939.5,209.962434 939.5,213 C939.5,216.037566 941.962434,218.5 945,218.5 C948.037566,218.5 950.5,216.037566 950.5,213 C950.5,209.962434 948.037566,207.5 945,207.5 Z"
                />
              </g>
            </g>
          </svg>
        </button>
      </form>
    </div>
    <div
      className="styled__NudgeElementTarget-sc-1119auh-18 kJPvUC"
      id="nudge-study-tools"
    >
      <button
        aria-label="My highlights"
        className="styled__PlainButton-sc-1119auh-0 HighlightButton__MyHighlightsWrapper-fxks7p-0 cywKxd"
        data-analytics-label="My highlights"
        onClick={[Function]}
      >
        <svg
          aria-hidden="true"
          height="17px"
          version="1.1"
          viewBox="0 0 17 17"
          width="17px"
        >
          <g
            fill="none"
            fillRule="evenodd"
            stroke="none"
            strokeWidth="1"
          >
            <g
              transform="translate(-1144.000000, -207.000000)"
            >
              <g
                transform="translate(1144.000000, 207.000000)"
              >
                <path
                  d="M15.7,0 C16.2522847,0 16.7,0.44771525 16.7,1 L16.7,16 C16.7,16.5522847 16.2522847,17 15.7,17 L2.7,17 C2.14771525,17 1.7,16.5522847 1.7,16 L1.699,14.065 L0.505952381,14.0654762 C0.226522597,14.0654762 -6.93053301e-12,13.8389536 -6.93045621e-12,13.5595238 C-6.93060145e-12,13.280094 0.226522597,13.0535714 0.505952381,13.0535714 L1.699,13.053 L1.699,9.005 L0.505952381,9.00595238 C0.226522597,9.00595238 -6.93053301e-12,8.77942978 -6.93045621e-12,8.5 C-6.93049043e-12,8.22057022 0.226522597,7.99404762 0.505952381,7.99404762 L1.699,7.994 L1.699,3.946 L0.505952381,3.94642857 C0.226522597,3.94642857 -6.93053301e-12,3.71990597 -6.93045621e-12,3.44047619 C-6.93049043e-12,3.16104641 0.226522597,2.93452381 0.505952381,2.93452381 L1.699,2.934 L1.7,1 C1.7,0.44771525 2.14771525,0 2.7,0 L15.7,0 Z M15.7,1 L2.7,1 L2.699,2.934 L2.89145037,2.93403634 C3.07011452,2.52673952 3.45769228,2.23189388 3.91859662,2.1850865 L4.04761905,2.17857143 C4.7445498,2.17857143 5.30952381,2.74354543 5.30952381,3.44047619 C5.30952381,4.13740695 4.7445498,4.70238095 4.04761905,4.70238095 C3.53086073,4.70238095 3.08665072,4.39176472 2.89151099,3.9470542 L2.699,3.946 L2.699,7.994 L2.89106283,7.99444455 C3.06955361,7.58669019 3.45735875,7.29145157 3.91859662,7.24461031 L4.04761905,7.23809524 C4.7445498,7.23809524 5.30952381,7.80306924 5.30952381,8.5 C5.30952381,9.19693076 4.7445498,9.76190476 4.04761905,9.76190476 C3.53046475,9.76190476 3.08596999,9.4508123 2.89106283,9.00555545 L2.699,9.005 L2.699,13.053 L3.8452381,13.0535714 C4.12466788,13.0535714 4.35119048,13.280094 4.35119048,13.5595238 C4.35119048,13.8389536 4.12466788,14.0654762 3.8452381,14.0654762 L2.699,14.065 L2.7,16 L15.7,16 L15.7,1 Z M4.04761905,7.73809524 C3.82137324,7.73809524 3.61815984,7.83670869 3.4786166,7.99329785 L3.8452381,7.99404762 C4.12466788,7.99404762 4.35119048,8.22057022 4.35119048,8.5 C4.35119048,8.77942978 4.12466788,9.00595238 3.8452381,9.00595238 L3.4786166,9.00670215 C3.61815984,9.16329131 3.82137324,9.26190476 4.04761905,9.26190476 C4.46840743,9.26190476 4.80952381,8.92078838 4.80952381,8.5 C4.80952381,8.07921162 4.46840743,7.73809524 4.04761905,7.73809524 Z M4.04761905,2.67857143 C3.82137324,2.67857143 3.61815984,2.77718488 3.4786166,2.93377404 L3.8452381,2.93452381 C4.12466788,2.93452381 4.35119048,3.16104641 4.35119048,3.44047619 C4.35119048,3.71990597 4.12466788,3.94642857 3.8452381,3.94642857 L3.4786166,3.94717834 C3.61815984,4.1037675 3.82137324,4.20238095 4.04761905,4.20238095 C4.46840743,4.20238095 4.80952381,3.86126457 4.80952381,3.44047619 C4.80952381,3.01968781 4.46840743,2.67857143 4.04761905,2.67857143 Z"
                  fill="#5C6464"
                  fillRule="nonzero"
                />
                <path
                  d="M4.04761905,12.297619 C3.35068829,12.297619 2.78571429,12.8625931 2.78571429,13.5595238 C2.78571429,14.2564546 3.35068829,14.8214286 4.04761905,14.8214286 C4.7445498,14.8214286 5.30952381,14.2564546 5.30952381,13.5595238 C5.30952381,12.8625931 4.7445498,12.297619 4.04761905,12.297619 Z M4.04761905,12.797619 C4.46840743,12.797619 4.80952381,13.1387354 4.80952381,13.5595238 C4.80952381,13.9803122 4.46840743,14.3214286 4.04761905,14.3214286 C3.62683067,14.3214286 3.28571429,13.9803122 3.28571429,13.5595238 C3.28571429,13.1387354 3.62683067,12.797619 4.04761905,12.797619 Z"
                  fill="#5C6464"
                  fillRule="nonzero"
                />
                <path
                  d="M6.23893497,9.42119488 C6.21023413,9.47339143 6.20618599,9.54789342 6.20136461,10.1173144 L6.19595193,10.7549611 L6.23925336,10.8489239 C6.29406242,10.967811 6.38102917,11.0543688 6.49978971,11.1083714 L6.59289689,11.1506795 L10.2660136,11.1459836 L13.9391759,11.1412878 L14.0142711,11.1014179 C14.2697586,10.965734 14.297095,10.8675268 14.2903177,10.1089611 L14.2848596,9.49772875 L14.2284131,9.39839276 C14.1606863,9.27918958 14.0528876,9.1924512 13.9259853,9.1550196 C13.8251457,9.12530911 6.7099745,9.11501429 6.58884875,9.14440871 C6.44652713,9.17899569 6.31507636,9.28298241 6.23893497,9.42119488 Z"
                  fill="#249CD6"
                />
                <path
                  d="M6.22689035,12.7929872 C6.17995167,12.9150999 6.1901854,14.109136 6.23889792,14.197826 C6.29325035,14.2966469 6.38098747,14.3834826 6.47800316,14.4344081 L6.57060698,14.4829818 L10.1993031,14.4877307 C14.206556,14.492977 13.9358399,14.5005299 14.0950312,14.3788242 C14.1371941,14.3465322 14.1970955,14.2753902 14.228115,14.2206656 L14.2845597,14.1211664 L14.2900177,13.5089295 C14.2964308,12.7900927 14.293156,12.7705094 14.1406053,12.6188636 C13.9716352,12.4508003 14.3538306,12.4656347 10.2378729,12.4673986 C8.24088696,12.4682579 6.58648062,12.4751776 6.56137389,12.4827757 C6.42092173,12.5252438 6.27924152,12.6566733 6.22689035,12.7929872 Z"
                  fill="#94D404"
                />
                <path
                  d="M6.19795301,6.79652869 C6.19746863,7.56593932 6.21917054,7.63967677 6.48464365,7.76972696 L6.58883104,7.82073059 L10.2467638,7.82073059 C13.6801705,7.82073059 13.9089733,7.81877938 13.974534,7.78923902 C14.0868653,7.73855303 14.1756749,7.65791829 14.2331827,7.55432283 L14.2868687,7.45771542 L14.2923283,6.84344839 C14.2992438,6.06596067 14.2702169,5.96781045 13.99569,5.83971147 L13.9046966,5.79728408 L10.245126,5.79710257 L6.58555528,5.79692106 L6.47317849,5.85291615 C6.21744167,5.98037985 6.19846955,6.04545032 6.19795301,6.79652869 Z"
                  fill="#FCD404"
                />
                <path
                  d="M6.54165567,2.48583885 C6.43019884,2.52015691 6.29358461,2.64271494 6.24058575,2.75594643 C6.19836864,2.8461332 6.19791371,2.85423733 6.19811647,3.4719624 C6.19836864,4.18028171 6.19927849,4.18539772 6.34803923,4.33688615 C6.5089465,4.50064396 6.12949287,4.48611085 10.243842,4.48611085 C14.3543244,4.48611085 13.9731875,4.5010967 14.142147,4.33294727 C14.2947291,4.18114192 14.2980045,4.16153807 14.2915901,3.44194542 C14.2849937,2.70093793 14.2699356,2.65072853 14.0131755,2.51499562 L13.9221903,2.46686885 L10.2736852,2.46351853 C7.16740614,2.46066624 6.61276057,2.46397128 6.54165567,2.48583885"
                  fill="#656DC8"
                />
              </g>
            </g>
          </g>
        </svg>
        <span
          className="HighlightButton__MyHighlightsText-fxks7p-1 euasWR"
        >
          My highlights
        </span>
      </button>
    </div>
    <button
      aria-label="print"
      className="styled__PlainButton-sc-1119auh-0 styled__PrintOptWrapper-sc-1119auh-1 kbtaBS"
      data-analytics-label="print"
      data-testid="print"
      onClick={[Function]}
    >
      <svg
        aria-hidden="true"
        className="styled__PrintIcon-sc-1119auh-3 iKTgDK StyledIconBase-sc-bdy9j4 cCvWXa"
        fill="currentColor"
        focusable="false"
        viewBox="0 0 512 512"
      >
        <path
          d="M448 192V77.25c0-8.49-3.37-16.62-9.37-22.63L393.37 9.37c-6-6-14.14-9.37-22.63-9.37H96C78.33 0 64 14.33 64 32v160c-35.35 0-64 28.65-64 64v112c0 8.84 7.16 16 16 16h48v96c0 17.67 14.33 32 32 32h320c17.67 0 32-14.33 32-32v-96h48c8.84 0 16-7.16 16-16V256c0-35.35-28.65-64-64-64zm-64 256H128v-96h256v96zm0-224H128V64h192v48c0 8.84 7.16 16 16 16h48v96zm48 72c-13.25 0-24-10.75-24-24 0-13.26 10.75-24 24-24s24 10.74 24 24c0 13.25-10.75 24-24 24z"
          fill="currentColor"
        />
      </svg>
      <span
        className="styled__PrintOptions-sc-1119auh-2 bRCGrc"
      >
        Print
      </span>
    </button>
    <button
      aria-label="Click to open the Table of Contents"
      className="styled__SidebarControl-sc-1119auh-17 hjOsxS SidebarControl__ToCButton-sdjc7-1 crKPaR"
      data-analytics-label="Click to open the Table of Contents"
      data-testid="toc-button"
      onClick={[Function]}
      tabIndex={-1}
    >
      <svg
        aria-hidden="true"
        height="15px"
        version="1.1"
        viewBox="0 0 17 15"
        width="17px"
      >
        <g
          fill="none"
          fillRule="evenodd"
          stroke="none"
          strokeWidth="1"
        >
          <g
            fill="#5C6464"
            fillRule="nonzero"
            transform="translate(-84.000000, -208.000000)"
          >
            <path
              d="M86.6562437,212.24999 C86.921868,212.24999 87.0546802,212.117178 87.0546802,211.851553 L87.0546802,211.851553 L87.0546802,211.585929 C87.0546802,211.320305 86.921868,211.187492 86.6562437,211.187492 L86.6562437,211.187492 L86.158198,211.187492 L86.158198,208.398437 C86.158198,208.132812 86.0253858,208 85.7597614,208 L85.7597614,208 L85.3613249,208 C85.1842421,208 85.0182269,208.066406 84.8632792,208.199218 L84.8632792,208.199218 L84.1660152,208.863279 C83.966797,209.040362 83.9557294,209.217445 84.1328122,209.394528 L84.1328122,209.394528 L84.3320305,209.593746 C84.3984366,209.682288 84.4814442,209.732092 84.5810533,209.74316 C84.6806624,209.754227 84.7636701,209.715491 84.8300761,209.626949 L84.8300761,209.626949 L84.9628883,209.52734 L84.9296853,209.859371 L84.9296853,211.187492 L84.4316396,211.187492 C84.1660152,211.187492 84.033203,211.320305 84.033203,211.585929 L84.033203,211.585929 L84.033203,211.851553 C84.033203,212.117178 84.1660152,212.24999 84.4316396,212.24999 L84.4316396,212.24999 L86.6562437,212.24999 Z M100.402305,210.929685 C100.557252,210.929685 100.684531,210.898435 100.78414,210.835935 C100.883749,210.773435 100.933553,210.693574 100.933553,210.596352 L100.933553,210.596352 L100.933553,209.763018 C100.933553,209.665796 100.883749,209.585935 100.78414,209.523435 C100.684531,209.460935 100.557252,209.429685 100.402305,209.429685 L100.402305,209.429685 L88.7148325,209.429685 C88.5598848,209.429685 88.4326066,209.460935 88.3329975,209.523435 C88.2333883,209.585935 88.1835838,209.665796 88.1835838,209.763018 L88.1835838,209.763018 L88.1835838,210.596352 C88.1835838,210.693574 88.2333883,210.773435 88.3329975,210.835935 C88.4326066,210.898435 88.5598848,210.929685 88.7148325,210.929685 L88.7148325,210.929685 L100.402305,210.929685 Z M86.6562437,217.562477 C86.921868,217.562477 87.0546802,217.440733 87.0546802,217.197244 L87.0546802,217.197244 L87.0546802,216.898416 C87.0546802,216.632792 86.921868,216.49998 86.6562437,216.49998 L86.6562437,216.49998 L85.3613249,216.49998 C85.3834604,216.433574 85.5384076,216.322897 85.8261675,216.167949 C86.1803335,215.946595 86.4348899,215.758445 86.5898376,215.603497 C86.8554619,215.315738 86.9882741,214.994775 86.9882741,214.640609 C86.9882741,214.197902 86.8222589,213.854804 86.4902284,213.611315 C86.2246041,213.412096 85.8925736,213.312487 85.4941371,213.312487 C84.9186178,213.312487 84.4759102,213.522773 84.1660152,213.943345 C84.033203,214.120428 84.0664061,214.286443 84.2656244,214.441391 L84.2656244,214.441391 L84.5312487,214.673812 C84.7083315,214.806624 84.8854147,214.784489 85.0624975,214.607406 C85.1731741,214.518864 85.2838513,214.474594 85.3945279,214.474594 C85.5937462,214.474594 85.6933553,214.563136 85.6933553,214.740218 C85.6933553,214.806624 85.6601523,214.87303 85.5937462,214.939437 C85.5273401,215.005843 85.4055954,215.094384 85.2285127,215.205061 C84.8743467,215.44855 84.6087223,215.669904 84.4316396,215.869122 C84.1438797,216.201152 84,216.599589 84,217.064432 L84,217.064432 L84,217.197244 C84,217.30792 84.0387371,217.396462 84.1162107,217.462868 C84.1936843,217.529274 84.2877599,217.562477 84.3984366,217.562477 L84.3984366,217.562477 L86.6562437,217.562477 Z M100.402305,216.192173 C100.557252,216.192173 100.684531,216.160923 100.78414,216.098423 C100.883749,216.035923 100.933553,215.956062 100.933553,215.858839 L100.933553,215.858839 L100.933553,215.025506 C100.933553,214.928284 100.883749,214.848423 100.78414,214.785923 C100.684531,214.723423 100.557252,214.692173 100.402305,214.692173 L100.402305,214.692173 L88.7148325,214.692173 C88.5598848,214.692173 88.4326066,214.723423 88.3329975,214.785923 C88.2333883,214.848423 88.1835838,214.928284 88.1835838,215.025506 L88.1835838,215.025506 L88.1835838,215.858839 C88.1835838,215.956062 88.2333883,216.035923 88.3329975,216.098423 C88.4326066,216.160923 88.5598848,216.192173 88.7148325,216.192173 L88.7148325,216.192173 L100.402305,216.192173 Z M85.3945279,222.874965 C85.9257767,222.874965 86.3352807,222.720017 86.6230406,222.410122 C86.888665,222.144498 87.0214772,221.812467 87.0214772,221.414031 C87.0214772,221.148406 86.9384696,220.910451 86.7724543,220.700165 C86.6064391,220.489879 86.3684838,220.340466 86.0585888,220.251924 L86.0585888,220.251924 L86.6230406,219.587863 C86.7558528,219.455051 86.8222589,219.300103 86.8222589,219.12302 L86.8222589,219.12302 L86.8222589,218.990208 C86.8222589,218.746719 86.6894467,218.624975 86.4238223,218.624975 L86.4238223,218.624975 L84.4980457,218.624975 C84.2324213,218.624975 84.0996091,218.746719 84.0996091,218.990208 L84.0996091,218.990208 L84.0996091,219.289036 C84.0996091,219.55466 84.2324213,219.687472 84.4980457,219.687472 L84.4980457,219.687472 L84.9296853,219.687472 L85.3281218,219.621066 L85.3281218,219.654269 C85.2174452,219.764946 85.084633,219.908826 84.9296853,220.085909 L84.9296853,220.085909 L84.730467,220.31833 C84.5976548,220.495413 84.5755193,220.661428 84.6640609,220.816376 L84.6640609,220.816376 L84.697264,220.882782 C84.7858056,221.059865 84.9186178,221.148406 85.0957005,221.148406 L85.0957005,221.148406 L85.2617157,221.148406 C85.6158817,221.148406 85.7929645,221.242481 85.7929645,221.430632 C85.7929645,221.618783 85.6269492,221.712858 85.2949188,221.712858 C85.1399711,221.712858 84.9850239,221.679655 84.8300761,221.613249 C84.6087223,221.480437 84.4316396,221.51364 84.2988274,221.712858 L84.2988274,221.712858 L84.1328122,222.044888 C84,222.244107 84.0221355,222.421189 84.1992183,222.576137 C84.5533843,222.775355 84.9518208,222.874965 85.3945279,222.874965 Z M100.402305,221.45466 C100.557252,221.45466 100.684531,221.42341 100.78414,221.36091 C100.883749,221.29841 100.933553,221.218549 100.933553,221.121327 L100.933553,221.121327 L100.933553,220.287993 C100.933553,220.190771 100.883749,220.11091 100.78414,220.04841 C100.684531,219.98591 100.557252,219.95466 100.402305,219.95466 L100.402305,219.95466 L88.7148325,219.95466 C88.5598848,219.95466 88.4326066,219.98591 88.3329975,220.04841 C88.2333883,220.11091 88.1835838,220.190771 88.1835838,220.287993 L88.1835838,220.287993 L88.1835838,221.121327 C88.1835838,221.218549 88.2333883,221.29841 88.3329975,221.36091 C88.4326066,221.42341 88.5598848,221.45466 88.7148325,221.45466 L88.7148325,221.45466 L100.402305,221.45466 Z"
            />
          </g>
        </g>
      </svg>
      <span
        className="SidebarControl__ToCButtonText-sdjc7-0 fvFcxu"
      >
        Table of contents
      </span>
    </button>
  </div>
</div>
`;

exports[`search ToolBar matches snapshot when theme color and grayButton variant are set 1`] = `
<div
  className="styled__BarWrapper-sc-1119auh-9 iBpta"
  data-analytics-region="toolbar"
>
  <div
    className="styled__TopBar-sc-1119auh-11 iMGONm"
    data-testid="toolbar"
  >
    <div
      className="styled__SearchPrintWrapper-sc-1119auh-8 gCGyni"
    >
      <form
        className="styled__SearchInputWrapper-sc-1119auh-6 gFglKV"
        data-testid="desktop-search"
        onSubmit={[Function]}
      >
        <input
          aria-label="Search this book"
          className="styled__SearchInput-sc-1119auh-7 fDlesR"
          data-testid="desktop-search-input"
          onChange={[Function]}
          placeholder="Search this book"
          type="search"
          value=""
        />
        <button
          aria-label="Search this book"
          className="styled__SearchButton-sc-1119auh-4 efRGQT styled__PlainButton-sc-1119auh-0 kPdLbJ"
          data-analytics-label="Search this book"
          data-testid="mobile-toggle"
          onClick={[Function]}
          type="button"
          value="Search"
        >
          <svg
            aria-hidden="true"
            height="18px"
            version="1.1"
            viewBox="0 0 18 18"
            width="18px"
          >
            <g
              fill="none"
              fillRule="evenodd"
              stroke="none"
              strokeWidth="1"
            >
              <g
                fill="currentColor"
                fillRule="nonzero"
                transform="translate(-938.000000, -206.000000)"
              >
                <path
                  d="M945,206 C948.865993,206 952,209.134007 952,213 C952,214.662837 951.420201,216.190255 950.45174,217.391118 L955.03033,221.96967 C955.323223,222.262563 955.323223,222.737437 955.03033,223.03033 C954.764064,223.296597 954.3474,223.320803 954.053788,223.102948 L953.96967,223.03033 L949.391118,218.45174 C948.190255,219.420201 946.662837,220 945,220 C941.134007,220 938,216.865993 938,213 C938,209.134007 941.134007,206 945,206 Z M945,207.5 C941.962434,207.5 939.5,209.962434 939.5,213 C939.5,216.037566 941.962434,218.5 945,218.5 C948.037566,218.5 950.5,216.037566 950.5,213 C950.5,209.962434 948.037566,207.5 945,207.5 Z"
                />
              </g>
            </g>
          </svg>
        </button>
        <button
          className="styled__SearchButton-sc-1119auh-4 bLLbIT styled__PlainButton-sc-1119auh-0 kPdLbJ"
          value="Search"
        >
          <svg
            aria-hidden="true"
            height="18px"
            version="1.1"
            viewBox="0 0 18 18"
            width="18px"
          >
            <g
              fill="none"
              fillRule="evenodd"
              stroke="none"
              strokeWidth="1"
            >
              <g
                fill="currentColor"
                fillRule="nonzero"
                transform="translate(-938.000000, -206.000000)"
              >
                <path
                  d="M945,206 C948.865993,206 952,209.134007 952,213 C952,214.662837 951.420201,216.190255 950.45174,217.391118 L955.03033,221.96967 C955.323223,222.262563 955.323223,222.737437 955.03033,223.03033 C954.764064,223.296597 954.3474,223.320803 954.053788,223.102948 L953.96967,223.03033 L949.391118,218.45174 C948.190255,219.420201 946.662837,220 945,220 C941.134007,220 938,216.865993 938,213 C938,209.134007 941.134007,206 945,206 Z M945,207.5 C941.962434,207.5 939.5,209.962434 939.5,213 C939.5,216.037566 941.962434,218.5 945,218.5 C948.037566,218.5 950.5,216.037566 950.5,213 C950.5,209.962434 948.037566,207.5 945,207.5 Z"
                />
              </g>
            </g>
          </svg>
        </button>
      </form>
    </div>
    <div
      className="styled__NudgeElementTarget-sc-1119auh-18 kJPvUC"
      id="nudge-study-tools"
    >
      <button
        aria-label="My highlights"
        className="styled__PlainButton-sc-1119auh-0 HighlightButton__MyHighlightsWrapper-fxks7p-0 cywKxd"
        data-analytics-label="My highlights"
        onClick={[Function]}
      >
        <svg
          aria-hidden="true"
          height="17px"
          version="1.1"
          viewBox="0 0 17 17"
          width="17px"
        >
          <g
            fill="none"
            fillRule="evenodd"
            stroke="none"
            strokeWidth="1"
          >
            <g
              transform="translate(-1144.000000, -207.000000)"
            >
              <g
                transform="translate(1144.000000, 207.000000)"
              >
                <path
                  d="M15.7,0 C16.2522847,0 16.7,0.44771525 16.7,1 L16.7,16 C16.7,16.5522847 16.2522847,17 15.7,17 L2.7,17 C2.14771525,17 1.7,16.5522847 1.7,16 L1.699,14.065 L0.505952381,14.0654762 C0.226522597,14.0654762 -6.93053301e-12,13.8389536 -6.93045621e-12,13.5595238 C-6.93060145e-12,13.280094 0.226522597,13.0535714 0.505952381,13.0535714 L1.699,13.053 L1.699,9.005 L0.505952381,9.00595238 C0.226522597,9.00595238 -6.93053301e-12,8.77942978 -6.93045621e-12,8.5 C-6.93049043e-12,8.22057022 0.226522597,7.99404762 0.505952381,7.99404762 L1.699,7.994 L1.699,3.946 L0.505952381,3.94642857 C0.226522597,3.94642857 -6.93053301e-12,3.71990597 -6.93045621e-12,3.44047619 C-6.93049043e-12,3.16104641 0.226522597,2.93452381 0.505952381,2.93452381 L1.699,2.934 L1.7,1 C1.7,0.44771525 2.14771525,0 2.7,0 L15.7,0 Z M15.7,1 L2.7,1 L2.699,2.934 L2.89145037,2.93403634 C3.07011452,2.52673952 3.45769228,2.23189388 3.91859662,2.1850865 L4.04761905,2.17857143 C4.7445498,2.17857143 5.30952381,2.74354543 5.30952381,3.44047619 C5.30952381,4.13740695 4.7445498,4.70238095 4.04761905,4.70238095 C3.53086073,4.70238095 3.08665072,4.39176472 2.89151099,3.9470542 L2.699,3.946 L2.699,7.994 L2.89106283,7.99444455 C3.06955361,7.58669019 3.45735875,7.29145157 3.91859662,7.24461031 L4.04761905,7.23809524 C4.7445498,7.23809524 5.30952381,7.80306924 5.30952381,8.5 C5.30952381,9.19693076 4.7445498,9.76190476 4.04761905,9.76190476 C3.53046475,9.76190476 3.08596999,9.4508123 2.89106283,9.00555545 L2.699,9.005 L2.699,13.053 L3.8452381,13.0535714 C4.12466788,13.0535714 4.35119048,13.280094 4.35119048,13.5595238 C4.35119048,13.8389536 4.12466788,14.0654762 3.8452381,14.0654762 L2.699,14.065 L2.7,16 L15.7,16 L15.7,1 Z M4.04761905,7.73809524 C3.82137324,7.73809524 3.61815984,7.83670869 3.4786166,7.99329785 L3.8452381,7.99404762 C4.12466788,7.99404762 4.35119048,8.22057022 4.35119048,8.5 C4.35119048,8.77942978 4.12466788,9.00595238 3.8452381,9.00595238 L3.4786166,9.00670215 C3.61815984,9.16329131 3.82137324,9.26190476 4.04761905,9.26190476 C4.46840743,9.26190476 4.80952381,8.92078838 4.80952381,8.5 C4.80952381,8.07921162 4.46840743,7.73809524 4.04761905,7.73809524 Z M4.04761905,2.67857143 C3.82137324,2.67857143 3.61815984,2.77718488 3.4786166,2.93377404 L3.8452381,2.93452381 C4.12466788,2.93452381 4.35119048,3.16104641 4.35119048,3.44047619 C4.35119048,3.71990597 4.12466788,3.94642857 3.8452381,3.94642857 L3.4786166,3.94717834 C3.61815984,4.1037675 3.82137324,4.20238095 4.04761905,4.20238095 C4.46840743,4.20238095 4.80952381,3.86126457 4.80952381,3.44047619 C4.80952381,3.01968781 4.46840743,2.67857143 4.04761905,2.67857143 Z"
                  fill="#5C6464"
                  fillRule="nonzero"
                />
                <path
                  d="M4.04761905,12.297619 C3.35068829,12.297619 2.78571429,12.8625931 2.78571429,13.5595238 C2.78571429,14.2564546 3.35068829,14.8214286 4.04761905,14.8214286 C4.7445498,14.8214286 5.30952381,14.2564546 5.30952381,13.5595238 C5.30952381,12.8625931 4.7445498,12.297619 4.04761905,12.297619 Z M4.04761905,12.797619 C4.46840743,12.797619 4.80952381,13.1387354 4.80952381,13.5595238 C4.80952381,13.9803122 4.46840743,14.3214286 4.04761905,14.3214286 C3.62683067,14.3214286 3.28571429,13.9803122 3.28571429,13.5595238 C3.28571429,13.1387354 3.62683067,12.797619 4.04761905,12.797619 Z"
                  fill="#5C6464"
                  fillRule="nonzero"
                />
                <path
                  d="M6.23893497,9.42119488 C6.21023413,9.47339143 6.20618599,9.54789342 6.20136461,10.1173144 L6.19595193,10.7549611 L6.23925336,10.8489239 C6.29406242,10.967811 6.38102917,11.0543688 6.49978971,11.1083714 L6.59289689,11.1506795 L10.2660136,11.1459836 L13.9391759,11.1412878 L14.0142711,11.1014179 C14.2697586,10.965734 14.297095,10.8675268 14.2903177,10.1089611 L14.2848596,9.49772875 L14.2284131,9.39839276 C14.1606863,9.27918958 14.0528876,9.1924512 13.9259853,9.1550196 C13.8251457,9.12530911 6.7099745,9.11501429 6.58884875,9.14440871 C6.44652713,9.17899569 6.31507636,9.28298241 6.23893497,9.42119488 Z"
                  fill="#249CD6"
                />
                <path
                  d="M6.22689035,12.7929872 C6.17995167,12.9150999 6.1901854,14.109136 6.23889792,14.197826 C6.29325035,14.2966469 6.38098747,14.3834826 6.47800316,14.4344081 L6.57060698,14.4829818 L10.1993031,14.4877307 C14.206556,14.492977 13.9358399,14.5005299 14.0950312,14.3788242 C14.1371941,14.3465322 14.1970955,14.2753902 14.228115,14.2206656 L14.2845597,14.1211664 L14.2900177,13.5089295 C14.2964308,12.7900927 14.293156,12.7705094 14.1406053,12.6188636 C13.9716352,12.4508003 14.3538306,12.4656347 10.2378729,12.4673986 C8.24088696,12.4682579 6.58648062,12.4751776 6.56137389,12.4827757 C6.42092173,12.5252438 6.27924152,12.6566733 6.22689035,12.7929872 Z"
                  fill="#94D404"
                />
                <path
                  d="M6.19795301,6.79652869 C6.19746863,7.56593932 6.21917054,7.63967677 6.48464365,7.76972696 L6.58883104,7.82073059 L10.2467638,7.82073059 C13.6801705,7.82073059 13.9089733,7.81877938 13.974534,7.78923902 C14.0868653,7.73855303 14.1756749,7.65791829 14.2331827,7.55432283 L14.2868687,7.45771542 L14.2923283,6.84344839 C14.2992438,6.06596067 14.2702169,5.96781045 13.99569,5.83971147 L13.9046966,5.79728408 L10.245126,5.79710257 L6.58555528,5.79692106 L6.47317849,5.85291615 C6.21744167,5.98037985 6.19846955,6.04545032 6.19795301,6.79652869 Z"
                  fill="#FCD404"
                />
                <path
                  d="M6.54165567,2.48583885 C6.43019884,2.52015691 6.29358461,2.64271494 6.24058575,2.75594643 C6.19836864,2.8461332 6.19791371,2.85423733 6.19811647,3.4719624 C6.19836864,4.18028171 6.19927849,4.18539772 6.34803923,4.33688615 C6.5089465,4.50064396 6.12949287,4.48611085 10.243842,4.48611085 C14.3543244,4.48611085 13.9731875,4.5010967 14.142147,4.33294727 C14.2947291,4.18114192 14.2980045,4.16153807 14.2915901,3.44194542 C14.2849937,2.70093793 14.2699356,2.65072853 14.0131755,2.51499562 L13.9221903,2.46686885 L10.2736852,2.46351853 C7.16740614,2.46066624 6.61276057,2.46397128 6.54165567,2.48583885"
                  fill="#656DC8"
                />
              </g>
            </g>
          </g>
        </svg>
        <span
          className="HighlightButton__MyHighlightsText-fxks7p-1 euasWR"
        >
          My highlights
        </span>
      </button>
    </div>
    <button
      aria-label="print"
      className="styled__PlainButton-sc-1119auh-0 styled__PrintOptWrapper-sc-1119auh-1 kbtaBS"
      data-analytics-label="print"
      data-testid="print"
      onClick={[Function]}
    >
      <svg
        aria-hidden="true"
        className="styled__PrintIcon-sc-1119auh-3 iKTgDK StyledIconBase-sc-bdy9j4 cCvWXa"
        fill="currentColor"
        focusable="false"
        viewBox="0 0 512 512"
      >
        <path
          d="M448 192V77.25c0-8.49-3.37-16.62-9.37-22.63L393.37 9.37c-6-6-14.14-9.37-22.63-9.37H96C78.33 0 64 14.33 64 32v160c-35.35 0-64 28.65-64 64v112c0 8.84 7.16 16 16 16h48v96c0 17.67 14.33 32 32 32h320c17.67 0 32-14.33 32-32v-96h48c8.84 0 16-7.16 16-16V256c0-35.35-28.65-64-64-64zm-64 256H128v-96h256v96zm0-224H128V64h192v48c0 8.84 7.16 16 16 16h48v96zm48 72c-13.25 0-24-10.75-24-24 0-13.26 10.75-24 24-24s24 10.74 24 24c0 13.25-10.75 24-24 24z"
          fill="currentColor"
        />
      </svg>
      <span
        className="styled__PrintOptions-sc-1119auh-2 bRCGrc"
      >
        Print
      </span>
    </button>
    <button
      aria-label="Click to open the Table of Contents"
      className="styled__SidebarControl-sc-1119auh-17 hjOsxS SidebarControl__ToCButton-sdjc7-1 crKPaR"
      data-analytics-label="Click to open the Table of Contents"
      data-testid="toc-button"
      onClick={[Function]}
      tabIndex={-1}
    >
      <svg
        aria-hidden="true"
        height="15px"
        version="1.1"
        viewBox="0 0 17 15"
        width="17px"
      >
        <g
          fill="none"
          fillRule="evenodd"
          stroke="none"
          strokeWidth="1"
        >
          <g
            fill="#5C6464"
            fillRule="nonzero"
            transform="translate(-84.000000, -208.000000)"
          >
            <path
              d="M86.6562437,212.24999 C86.921868,212.24999 87.0546802,212.117178 87.0546802,211.851553 L87.0546802,211.851553 L87.0546802,211.585929 C87.0546802,211.320305 86.921868,211.187492 86.6562437,211.187492 L86.6562437,211.187492 L86.158198,211.187492 L86.158198,208.398437 C86.158198,208.132812 86.0253858,208 85.7597614,208 L85.7597614,208 L85.3613249,208 C85.1842421,208 85.0182269,208.066406 84.8632792,208.199218 L84.8632792,208.199218 L84.1660152,208.863279 C83.966797,209.040362 83.9557294,209.217445 84.1328122,209.394528 L84.1328122,209.394528 L84.3320305,209.593746 C84.3984366,209.682288 84.4814442,209.732092 84.5810533,209.74316 C84.6806624,209.754227 84.7636701,209.715491 84.8300761,209.626949 L84.8300761,209.626949 L84.9628883,209.52734 L84.9296853,209.859371 L84.9296853,211.187492 L84.4316396,211.187492 C84.1660152,211.187492 84.033203,211.320305 84.033203,211.585929 L84.033203,211.585929 L84.033203,211.851553 C84.033203,212.117178 84.1660152,212.24999 84.4316396,212.24999 L84.4316396,212.24999 L86.6562437,212.24999 Z M100.402305,210.929685 C100.557252,210.929685 100.684531,210.898435 100.78414,210.835935 C100.883749,210.773435 100.933553,210.693574 100.933553,210.596352 L100.933553,210.596352 L100.933553,209.763018 C100.933553,209.665796 100.883749,209.585935 100.78414,209.523435 C100.684531,209.460935 100.557252,209.429685 100.402305,209.429685 L100.402305,209.429685 L88.7148325,209.429685 C88.5598848,209.429685 88.4326066,209.460935 88.3329975,209.523435 C88.2333883,209.585935 88.1835838,209.665796 88.1835838,209.763018 L88.1835838,209.763018 L88.1835838,210.596352 C88.1835838,210.693574 88.2333883,210.773435 88.3329975,210.835935 C88.4326066,210.898435 88.5598848,210.929685 88.7148325,210.929685 L88.7148325,210.929685 L100.402305,210.929685 Z M86.6562437,217.562477 C86.921868,217.562477 87.0546802,217.440733 87.0546802,217.197244 L87.0546802,217.197244 L87.0546802,216.898416 C87.0546802,216.632792 86.921868,216.49998 86.6562437,216.49998 L86.6562437,216.49998 L85.3613249,216.49998 C85.3834604,216.433574 85.5384076,216.322897 85.8261675,216.167949 C86.1803335,215.946595 86.4348899,215.758445 86.5898376,215.603497 C86.8554619,215.315738 86.9882741,214.994775 86.9882741,214.640609 C86.9882741,214.197902 86.8222589,213.854804 86.4902284,213.611315 C86.2246041,213.412096 85.8925736,213.312487 85.4941371,213.312487 C84.9186178,213.312487 84.4759102,213.522773 84.1660152,213.943345 C84.033203,214.120428 84.0664061,214.286443 84.2656244,214.441391 L84.2656244,214.441391 L84.5312487,214.673812 C84.7083315,214.806624 84.8854147,214.784489 85.0624975,214.607406 C85.1731741,214.518864 85.2838513,214.474594 85.3945279,214.474594 C85.5937462,214.474594 85.6933553,214.563136 85.6933553,214.740218 C85.6933553,214.806624 85.6601523,214.87303 85.5937462,214.939437 C85.5273401,215.005843 85.4055954,215.094384 85.2285127,215.205061 C84.8743467,215.44855 84.6087223,215.669904 84.4316396,215.869122 C84.1438797,216.201152 84,216.599589 84,217.064432 L84,217.064432 L84,217.197244 C84,217.30792 84.0387371,217.396462 84.1162107,217.462868 C84.1936843,217.529274 84.2877599,217.562477 84.3984366,217.562477 L84.3984366,217.562477 L86.6562437,217.562477 Z M100.402305,216.192173 C100.557252,216.192173 100.684531,216.160923 100.78414,216.098423 C100.883749,216.035923 100.933553,215.956062 100.933553,215.858839 L100.933553,215.858839 L100.933553,215.025506 C100.933553,214.928284 100.883749,214.848423 100.78414,214.785923 C100.684531,214.723423 100.557252,214.692173 100.402305,214.692173 L100.402305,214.692173 L88.7148325,214.692173 C88.5598848,214.692173 88.4326066,214.723423 88.3329975,214.785923 C88.2333883,214.848423 88.1835838,214.928284 88.1835838,215.025506 L88.1835838,215.025506 L88.1835838,215.858839 C88.1835838,215.956062 88.2333883,216.035923 88.3329975,216.098423 C88.4326066,216.160923 88.5598848,216.192173 88.7148325,216.192173 L88.7148325,216.192173 L100.402305,216.192173 Z M85.3945279,222.874965 C85.9257767,222.874965 86.3352807,222.720017 86.6230406,222.410122 C86.888665,222.144498 87.0214772,221.812467 87.0214772,221.414031 C87.0214772,221.148406 86.9384696,220.910451 86.7724543,220.700165 C86.6064391,220.489879 86.3684838,220.340466 86.0585888,220.251924 L86.0585888,220.251924 L86.6230406,219.587863 C86.7558528,219.455051 86.8222589,219.300103 86.8222589,219.12302 L86.8222589,219.12302 L86.8222589,218.990208 C86.8222589,218.746719 86.6894467,218.624975 86.4238223,218.624975 L86.4238223,218.624975 L84.4980457,218.624975 C84.2324213,218.624975 84.0996091,218.746719 84.0996091,218.990208 L84.0996091,218.990208 L84.0996091,219.289036 C84.0996091,219.55466 84.2324213,219.687472 84.4980457,219.687472 L84.4980457,219.687472 L84.9296853,219.687472 L85.3281218,219.621066 L85.3281218,219.654269 C85.2174452,219.764946 85.084633,219.908826 84.9296853,220.085909 L84.9296853,220.085909 L84.730467,220.31833 C84.5976548,220.495413 84.5755193,220.661428 84.6640609,220.816376 L84.6640609,220.816376 L84.697264,220.882782 C84.7858056,221.059865 84.9186178,221.148406 85.0957005,221.148406 L85.0957005,221.148406 L85.2617157,221.148406 C85.6158817,221.148406 85.7929645,221.242481 85.7929645,221.430632 C85.7929645,221.618783 85.6269492,221.712858 85.2949188,221.712858 C85.1399711,221.712858 84.9850239,221.679655 84.8300761,221.613249 C84.6087223,221.480437 84.4316396,221.51364 84.2988274,221.712858 L84.2988274,221.712858 L84.1328122,222.044888 C84,222.244107 84.0221355,222.421189 84.1992183,222.576137 C84.5533843,222.775355 84.9518208,222.874965 85.3945279,222.874965 Z M100.402305,221.45466 C100.557252,221.45466 100.684531,221.42341 100.78414,221.36091 C100.883749,221.29841 100.933553,221.218549 100.933553,221.121327 L100.933553,221.121327 L100.933553,220.287993 C100.933553,220.190771 100.883749,220.11091 100.78414,220.04841 C100.684531,219.98591 100.557252,219.95466 100.402305,219.95466 L100.402305,219.95466 L88.7148325,219.95466 C88.5598848,219.95466 88.4326066,219.98591 88.3329975,220.04841 C88.2333883,220.11091 88.1835838,220.190771 88.1835838,220.287993 L88.1835838,220.287993 L88.1835838,221.121327 C88.1835838,221.218549 88.2333883,221.29841 88.3329975,221.36091 C88.4326066,221.42341 88.5598848,221.45466 88.7148325,221.45466 L88.7148325,221.45466 L100.402305,221.45466 Z"
            />
          </g>
        </g>
      </svg>
      <span
        className="SidebarControl__ToCButtonText-sdjc7-0 fvFcxu"
      >
        Table of contents
      </span>
    </button>
  </div>
</div>
`;
