// Jest Snapshot v1, https://goo.gl/fbAQLP

exports[`Home matches snapshot 1`] = `
Array [
  .c0 {
  -webkit-clip: rect(1px,1px,1px,1px);
  clip: rect(1px,1px,1px,1px);
  margin: 0;
  position: absolute;
  left: 0;
  top: 0;
  height: 1px;
  width: 1px;
  overflow: hidden;
  -webkit-text-decoration: none;
  text-decoration: none;
}

.c0:focus {
  -webkit-clip: auto;
  clip: auto;
  height: auto;
  width: auto;
  z-index: 20;
}

<a
    className="c0"
    href="#main-content"
    onClick={[Function]}
  >
    Skip to Content
  </a>,
  .c1 {
  display: -webkit-box;
  display: -webkit-flex;
  display: -ms-flexbox;
  display: flex;
  -webkit-box-pack: justify;
  -webkit-justify-content: space-between;
  -ms-flex-pack: justify;
  justify-content: space-between;
  -webkit-align-items: center;
  -webkit-box-align: center;
  -ms-flex-align: center;
  align-items: center;
  height: 5rem;
  max-width: 117rem;
  margin: 0 auto;
}

.c2 {
  width: auto;
  height: 3rem;
}

.c3 {
  font-family: Neue Helvetica W01;
  color: #424242;
  font-size: 1.8rem;
  line-height: 2.5rem;
  -webkit-letter-spacing: -0.04rem;
  -moz-letter-spacing: -0.04rem;
  -ms-letter-spacing: -0.04rem;
  letter-spacing: -0.04rem;
  padding: 1rem 0 1rem 0;
  margin: 0;
  -webkit-text-decoration: none;
  text-decoration: none;
  font-weight: bold;
  color: #5e6062;
  padding: 1rem 0;
}

.c3:hover,
.c3:active,
.c3:focus {
  padding-bottom: 0.6rem;
  border-bottom: 0.4rem solid #63a524;
}

.c0 {
  z-index: 5;
  background: #fff;
  position: relative;
  padding: 0 3.2rem;
  box-shadow: 0 0.2rem 0.2rem 0 rgba(0,0,0,0.1);
}

@media (max-width:64em) {
  .c1 {
    height: 3.6rem;
  }
}

@media (max-width:64em) {
  .c2 {
    height: 2rem;
  }
}

@media (max-width:64em) {
  .c3 {
    font-size: 1.6rem;
    line-height: 2rem;
  }
}

@media (max-width:64em) {
  .c3 {
    padding: 0.7rem 0;
  }

  .c3:hover,
  .c3:active,
  .c3:focus {
    padding-bottom: 0.3rem;
  }
}

@media (max-width:64em) {
  .c0 {
    padding: 0 1.6rem;
  }
}

<div
    className="c0"
  >
    <div
      className="c1"
    >
      <a
        href="/"
      >
        <img
          alt="OpenStax Logo"
          className="c2"
          role="img"
          src="logo.svg"
        />
      </a>
      <a
        className="c3"
        href="https://accounts-dev.openstax.org/login"
      >
        Login
      </a>
    </div>
  </div>,
  .c1 {
  font-family: Neue Helvetica W01;
  color: #424242;
  font-size: 4.8rem;
  line-height: 5rem;
  -webkit-letter-spacing: -0.04rem;
  -moz-letter-spacing: -0.04rem;
  -ms-letter-spacing: -0.04rem;
  letter-spacing: -0.04rem;
  padding: 0 0 1rem 0;
  margin: 0;
}

.c2 {
  font-family: Neue Helvetica W01;
  color: #424242;
  font-size: 3.6rem;
  line-height: 4rem;
  -webkit-letter-spacing: -0.04rem;
  -moz-letter-spacing: -0.04rem;
  -ms-letter-spacing: -0.04rem;
  letter-spacing: -0.04rem;
  padding: 2rem 0 1rem 0;
  margin: 0;
}

.c4 {
  font-family: Neue Helvetica W01;
  color: #424242;
  font-size: 2.4rem;
  line-height: 3rem;
  -webkit-letter-spacing: -0.04rem;
  -moz-letter-spacing: -0.04rem;
  -ms-letter-spacing: -0.04rem;
  letter-spacing: -0.04rem;
  padding: 1.5rem 0 1rem 0;
  margin: 0;
}

.c6 {
  display: -webkit-box;
  display: -webkit-flex;
  display: -ms-flexbox;
  display: flex;
  -webkit-align-items: center;
  -webkit-box-align: center;
  -ms-flex-align: center;
  align-items: center;
  -webkit-box-pack: center;
  -webkit-justify-content: center;
  -ms-flex-pack: center;
  justify-content: center;
  font-family: Neue Helvetica W01;
  border-radius: 0.2rem;
  font-size: 1.6rem;
  height: 4rem;
  padding: 0 3rem;
  color: #5e6062;
  background-color: #fff;
  border: 1px solid #d5d5d5;
  font-weight: regular;
}

.c6:hover {
  background-color: #fafafa;
}

.c6:active {
  background-color: #e5e5e5;
}

.c5 {
  color: #027EB5;
  cursor: pointer;
  -webkit-text-decoration: none;
  text-decoration: none;
  border-bottom: #027EB5 solid 0.02em;
}

.c5:hover {
  color: #0064A0;
}

.c3 {
  padding: 1rem;
}

.c0 {
  font-family: Neue Helvetica W01;
  color: #424242;
  font-size: 1.6rem;
  line-height: 2.5rem;
  max-width: 117rem;
  margin: 0 auto;
  padding: 2rem 0;
}

.c0 a {
  color: #027EB5;
  cursor: pointer;
  -webkit-text-decoration: none;
  text-decoration: none;
  border-bottom: #027EB5 solid 0.02em;
}

.c0 a:hover {
  color: #0064A0;
}

@media (max-width:64em) {
  .c4 {
    font-size: 1.6rem;
    line-height: 2rem;
  }
}

<div
    className="c0"
  >
    <h1
      className="c1"
    >
      REX Developer Homepage
    </h1>
    <div>
      <h2
        className="c2"
      >
        Books
      </h2>
      <div
        className="c3"
      >
        <div>
          <h3
            className="c4"
          >
            <a
              className="c5"
              href="books/book-slug-1/pages/1-test-page-2"
              onClick={[Function]}
            >
              Test Book 1
            </a>
          </h3>
        </div>
      </div>
    </div>
    <div>
      <h2
        className="c2"
      >
        Notifications
      </h2>
      <div
        className="c3"
      >
        <button
          className="c6"
          onClick={[Function]}
        >
          update available
        </button>
      </div>
    </div>
    <div>
      <h2
        className="c2"
      >
        Routes
      </h2>
      <div
        className="c3"
      >
        <div>
          <h3
            className="c4"
          >
            Developer Home
          </h3>
          path: 
          /
        </div>
        <div>
          <h3
            className="c4"
          >
            Content
          </h3>
          path: 
          /books/:book/pages/:page
        </div>
        <div>
          <h3
            className="c4"
          >
            NotFound
          </h3>
          path: 
          /(.*)
        </div>
      </div>
    </div>
  </div>,
]
`;
