// Jest Snapshot v1, https://goo.gl/fbAQLP

exports[`developer route route renders renders a component 1`] = `null`;
