// Jest Snapshot v1, https://goo.gl/fbAQLP

exports[`ChapterFilter matches snapshot 1`] = `
.c13 {
  display: inline-block;
  vertical-align: -.125em;
  overflow: hidden;
}

.c4 {
  cursor: pointer;
  border: none;
  padding: 0;
  background: none;
  outline: none;
  font-family: Neue Helvetica W01;
  color: #424242;
  color: #027EB5;
  cursor: pointer;
  -webkit-text-decoration: none;
  text-decoration: none;
}

.c4:hover,
.c4:focus {
  -webkit-text-decoration: underline;
  text-decoration: underline;
  color: #0064A0;
}

.c2 {
  height: 2rem;
  display: -webkit-box;
  display: -webkit-flex;
  display: -ms-flexbox;
  display: flex;
  -webkit-flex-direction: row;
  -ms-flex-direction: row;
  flex-direction: row;
  -webkit-align-items: center;
  -webkit-box-align: center;
  -ms-flex-align: center;
  align-items: center;
}

.c2,
.c2 .c3 {
  font-size: 1.4rem;
}

.c2 span {
  padding: 0 1rem;
}

.c12 {
  color: #fff;
  height: 1rem;
  width: 1rem;
  display: none;
}

.c10 {
  height: 1.6rem;
  width: 1.6rem;
  display: -webkit-box;
  display: -webkit-flex;
  display: -ms-flexbox;
  display: flex;
  -webkit-box-pack: center;
  -webkit-justify-content: center;
  -ms-flex-pack: center;
  justify-content: center;
  -webkit-align-items: center;
  -webkit-box-align: center;
  -ms-flex-align: center;
  align-items: center;
}

input:not(:checked) + .c10 {
  border: 1px solid #424242;
}

input:checked + .c10 {
  background-color: #df571e;
}

input:checked + .c10 .c11 {
  display: block;
}

.c8 {
  cursor: pointer;
  display: -webkit-box;
  display: -webkit-flex;
  display: -ms-flexbox;
  display: flex;
  -webkit-flex-direction: row;
  -ms-flex-direction: row;
  flex-direction: row;
  -webkit-align-items: center;
  -webkit-box-align: center;
  -ms-flex-align: center;
  align-items: center;
}

.c8 input {
  position: absolute;
  opacity: 0;
  cursor: pointer;
  height: 0;
  width: 0;
}

.c8:focus-within {
  border-radius: 0.4rem;
  background-color: #f1f1f1;
}

.c8:focus-within .c9 {
  border: 1px solid #df571e;
}

.c8.focus-within {
  border-radius: 0.4rem;
  background-color: #f1f1f1;
}

.c8.focus-within .c9 {
  border: 1px solid #df571e;
}

.c5 {
  display: -webkit-box;
  display: -webkit-flex;
  display: -ms-flexbox;
  display: flex;
  -webkit-flex-direction: row;
  -ms-flex-direction: row;
  flex-direction: row;
}

.c6 {
  display: -webkit-box;
  display: -webkit-flex;
  display: -ms-flexbox;
  display: flex;
  -webkit-flex-direction: column;
  -ms-flex-direction: column;
  flex-direction: column;
}

.c14 {
  display: -webkit-box;
  display: -webkit-flex;
  display: -ms-flexbox;
  display: flex;
  -webkit-flex-direction: row;
  -ms-flex-direction: row;
  flex-direction: row;
  white-space: nowrap;
  margin-left: 0.8rem;
}

.c14 > * {
  overflow: hidden;
}

.c14 .os-text {
  -webkit-flex: 1;
  -ms-flex: 1;
  flex: 1;
  text-overflow: ellipsis;
}

.c14 .os-divider {
  margin: 0 0.4rem;
}

.c0 {
  font-family: Neue Helvetica W01;
  color: #424242;
  background: #fff;
  font-size: 1.4rem;
  padding: 0.8rem 1.6rem;
  outline: none;
  max-height: 72rem;
  overflow: auto;
}

.c0 .c1 {
  margin: 0.8rem 0 0.8rem 0.8rem;
}

.c0 .c7 {
  padding: 0.8rem;
}

.c0 .c15 {
  margin: 0 1.6rem 0 1.6rem;
}

@media screen and (max-width:75em) {
  .c5 {
    -webkit-flex-direction: column;
    -ms-flex-direction: column;
    flex-direction: column;
    overflow: hidden;
  }
}

@media screen and (max-width:75em) {
  .c0.c0.c0 {
    left: -1.6rem;
    max-width: calc(100vw - 0.8rem * 2);
  }
}

<div
  className="c0"
  tabIndex={-1}
>
  <div
    className="c1 c2"
  >
    <button
      className="c3 c4"
      onClick={[Function]}
    >
      All
    </button>
    <span>
      |
    </span>
    <button
      className="c3 c4"
      onClick={[Function]}
    >
      None
    </button>
  </div>
  <div
    className="c5"
  >
    <div
      className="c6"
    >
      <label
        className="c7 c8"
      >
        <input
          checked={true}
          onChange={[Function]}
          type="checkbox"
        />
        <span
          className="c9 c10"
        >
          <svg
            aria-hidden="true"
            className="c11 c12 c13"
            fill="currentColor"
            focusable="false"
            viewBox="0 0 512 512"
          >
            <path
              d="M173.898 439.404l-166.4-166.4c-9.997-9.997-9.997-26.206 0-36.204l36.203-36.204c9.997-9.998 26.207-9.998 36.204 0L192 312.69 432.095 72.596c9.997-9.997 26.207-9.997 36.204 0l36.203 36.204c9.997 9.997 9.997 26.206 0 36.204l-294.4 294.401c-9.998 9.997-26.207 9.997-36.204-.001z"
              fill="currentColor"
            />
          </svg>
        </span>
        <span
          className="c14"
          dangerouslySetInnerHTML={
            Object {
              "__html": "<span class=\\"os-text\\">Test Page 1</span>",
            }
          }
        />
      </label>
      <label
        className="c7 c8"
      >
        <input
          checked={false}
          onChange={[Function]}
          type="checkbox"
        />
        <span
          className="c9 c10"
        >
          <svg
            aria-hidden="true"
            className="c11 c12 c13"
            fill="currentColor"
            focusable="false"
            viewBox="0 0 512 512"
          >
            <path
              d="M173.898 439.404l-166.4-166.4c-9.997-9.997-9.997-26.206 0-36.204l36.203-36.204c9.997-9.998 26.207-9.998 36.204 0L192 312.69 432.095 72.596c9.997-9.997 26.207-9.997 36.204 0l36.203 36.204c9.997 9.997 9.997 26.206 0 36.204l-294.4 294.401c-9.998 9.997-26.207 9.997-36.204-.001z"
              fill="currentColor"
            />
          </svg>
        </span>
        <span
          className="c14"
          dangerouslySetInnerHTML={
            Object {
              "__html": "<span class=\\"os-number\\">1</span><span class=\\"os-divider\\"> </span><span class=\\"os-text\\">Test Chapter 1</span>",
            }
          }
        />
      </label>
      <label
        className="c7 c8"
      >
        <input
          checked={false}
          onChange={[Function]}
          type="checkbox"
        />
        <span
          className="c9 c10"
        >
          <svg
            aria-hidden="true"
            className="c11 c12 c13"
            fill="currentColor"
            focusable="false"
            viewBox="0 0 512 512"
          >
            <path
              d="M173.898 439.404l-166.4-166.4c-9.997-9.997-9.997-26.206 0-36.204l36.203-36.204c9.997-9.998 26.207-9.998 36.204 0L192 312.69 432.095 72.596c9.997-9.997 26.207-9.997 36.204 0l36.203 36.204c9.997 9.997 9.997 26.206 0 36.204l-294.4 294.401c-9.998 9.997-26.207 9.997-36.204-.001z"
              fill="currentColor"
            />
          </svg>
        </span>
        <span
          className="c14"
          dangerouslySetInnerHTML={
            Object {
              "__html": "<span class=\\"os-number\\">1</span><span class=\\"os-divider\\"> </span><span class=\\"os-text\\">Test Chapter 1.1</span>",
            }
          }
        />
      </label>
      <label
        className="c7 c8"
      >
        <input
          checked={false}
          onChange={[Function]}
          type="checkbox"
        />
        <span
          className="c9 c10"
        >
          <svg
            aria-hidden="true"
            className="c11 c12 c13"
            fill="currentColor"
            focusable="false"
            viewBox="0 0 512 512"
          >
            <path
              d="M173.898 439.404l-166.4-166.4c-9.997-9.997-9.997-26.206 0-36.204l36.203-36.204c9.997-9.998 26.207-9.998 36.204 0L192 312.69 432.095 72.596c9.997-9.997 26.207-9.997 36.204 0l36.203 36.204c9.997 9.997 9.997 26.206 0 36.204l-294.4 294.401c-9.998 9.997-26.207 9.997-36.204-.001z"
              fill="currentColor"
            />
          </svg>
        </span>
        <span
          className="c14"
          dangerouslySetInnerHTML={
            Object {
              "__html": "<span class=\\"os-number\\">2</span><span class=\\"os-divider\\"> </span><span class=\\"os-text\\">Test Chapter 2</span>",
            }
          }
        />
      </label>
      <label
        className="c7 c8"
      >
        <input
          checked={false}
          onChange={[Function]}
          type="checkbox"
        />
        <span
          className="c9 c10"
        >
          <svg
            aria-hidden="true"
            className="c11 c12 c13"
            fill="currentColor"
            focusable="false"
            viewBox="0 0 512 512"
          >
            <path
              d="M173.898 439.404l-166.4-166.4c-9.997-9.997-9.997-26.206 0-36.204l36.203-36.204c9.997-9.998 26.207-9.998 36.204 0L192 312.69 432.095 72.596c9.997-9.997 26.207-9.997 36.204 0l36.203 36.204c9.997 9.997 9.997 26.206 0 36.204l-294.4 294.401c-9.998 9.997-26.207 9.997-36.204-.001z"
              fill="currentColor"
            />
          </svg>
        </span>
        <span
          className="c14"
          dangerouslySetInnerHTML={
            Object {
              "__html": "<span class=\\"os-number\\">3</span><span class=\\"os-divider\\"> </span><span class=\\"os-text\\">Test Chapter 3</span>",
            }
          }
        />
      </label>
      <label
        className="c7 c8"
      >
        <input
          checked={false}
          onChange={[Function]}
          type="checkbox"
        />
        <span
          className="c9 c10"
        >
          <svg
            aria-hidden="true"
            className="c11 c12 c13"
            fill="currentColor"
            focusable="false"
            viewBox="0 0 512 512"
          >
            <path
              d="M173.898 439.404l-166.4-166.4c-9.997-9.997-9.997-26.206 0-36.204l36.203-36.204c9.997-9.998 26.207-9.998 36.204 0L192 312.69 432.095 72.596c9.997-9.997 26.207-9.997 36.204 0l36.203 36.204c9.997 9.997 9.997 26.206 0 36.204l-294.4 294.401c-9.998 9.997-26.207 9.997-36.204-.001z"
              fill="currentColor"
            />
          </svg>
        </span>
        <span
          className="c14"
          dangerouslySetInnerHTML={
            Object {
              "__html": "<span class=\\"os-number\\">4</span><span class=\\"os-divider\\"> </span><span class=\\"os-text\\">Test Chapter 4</span>",
            }
          }
        />
      </label>
      <label
        className="c7 c8"
      >
        <input
          checked={false}
          onChange={[Function]}
          type="checkbox"
        />
        <span
          className="c9 c10"
        >
          <svg
            aria-hidden="true"
            className="c11 c12 c13"
            fill="currentColor"
            focusable="false"
            viewBox="0 0 512 512"
          >
            <path
              d="M173.898 439.404l-166.4-166.4c-9.997-9.997-9.997-26.206 0-36.204l36.203-36.204c9.997-9.998 26.207-9.998 36.204 0L192 312.69 432.095 72.596c9.997-9.997 26.207-9.997 36.204 0l36.203 36.204c9.997 9.997 9.997 26.206 0 36.204l-294.4 294.401c-9.998 9.997-26.207 9.997-36.204-.001z"
              fill="currentColor"
            />
          </svg>
        </span>
        <span
          className="c14"
          dangerouslySetInnerHTML={
            Object {
              "__html": "<span class=\\"os-number\\">10</span><span class=\\"os-divider\\"> </span><span class=\\"os-text\\">Test Chapter 5</span>",
            }
          }
        />
      </label>
      <label
        className="c7 c8"
      >
        <input
          checked={false}
          onChange={[Function]}
          type="checkbox"
        />
        <span
          className="c9 c10"
        >
          <svg
            aria-hidden="true"
            className="c11 c12 c13"
            fill="currentColor"
            focusable="false"
            viewBox="0 0 512 512"
          >
            <path
              d="M173.898 439.404l-166.4-166.4c-9.997-9.997-9.997-26.206 0-36.204l36.203-36.204c9.997-9.998 26.207-9.998 36.204 0L192 312.69 432.095 72.596c9.997-9.997 26.207-9.997 36.204 0l36.203 36.204c9.997 9.997 9.997 26.206 0 36.204l-294.4 294.401c-9.998 9.997-26.207 9.997-36.204-.001z"
              fill="currentColor"
            />
          </svg>
        </span>
        <span
          className="c14"
          dangerouslySetInnerHTML={
            Object {
              "__html": "<span class=\\"os-number\\">12</span><span class=\\"os-divider\\"> </span><span class=\\"os-text\\">Test Chapter 6</span>",
            }
          }
        />
      </label>
      <label
        className="c7 c8"
      >
        <input
          checked={false}
          onChange={[Function]}
          type="checkbox"
        />
        <span
          className="c9 c10"
        >
          <svg
            aria-hidden="true"
            className="c11 c12 c13"
            fill="currentColor"
            focusable="false"
            viewBox="0 0 512 512"
          >
            <path
              d="M173.898 439.404l-166.4-166.4c-9.997-9.997-9.997-26.206 0-36.204l36.203-36.204c9.997-9.998 26.207-9.998 36.204 0L192 312.69 432.095 72.596c9.997-9.997 26.207-9.997 36.204 0l36.203 36.204c9.997 9.997 9.997 26.206 0 36.204l-294.4 294.401c-9.998 9.997-26.207 9.997-36.204-.001z"
              fill="currentColor"
            />
          </svg>
        </span>
        <span
          className="c14"
          dangerouslySetInnerHTML={
            Object {
              "__html": "<span class=\\"os-number\\">A</span><span class=\\"os-divider\\"> | </span><span class=\\"os-text\\">Atomic Masses</span></a>",
            }
          }
        />
      </label>
      <label
        className="c7 c8"
      >
        <input
          checked={false}
          onChange={[Function]}
          type="checkbox"
        />
        <span
          className="c9 c10"
        >
          <svg
            aria-hidden="true"
            className="c11 c12 c13"
            fill="currentColor"
            focusable="false"
            viewBox="0 0 512 512"
          >
            <path
              d="M173.898 439.404l-166.4-166.4c-9.997-9.997-9.997-26.206 0-36.204l36.203-36.204c9.997-9.998 26.207-9.998 36.204 0L192 312.69 432.095 72.596c9.997-9.997 26.207-9.997 36.204 0l36.203 36.204c9.997 9.997 9.997 26.206 0 36.204l-294.4 294.401c-9.998 9.997-26.207 9.997-36.204-.001z"
              fill="currentColor"
            />
          </svg>
        </span>
        <span
          className="c14"
          dangerouslySetInnerHTML={
            Object {
              "__html": "<span class=\\"os-number\\">D</span><span class=\\"os-divider\\"> | </span><span class=\\"os-text\\">Glossary of Key Symbols and Notation</span></a>",
            }
          }
        />
      </label>
      <label
        className="c7 c8"
      >
        <input
          checked={false}
          onChange={[Function]}
          type="checkbox"
        />
        <span
          className="c9 c10"
        >
          <svg
            aria-hidden="true"
            className="c11 c12 c13"
            fill="currentColor"
            focusable="false"
            viewBox="0 0 512 512"
          >
            <path
              d="M173.898 439.404l-166.4-166.4c-9.997-9.997-9.997-26.206 0-36.204l36.203-36.204c9.997-9.998 26.207-9.998 36.204 0L192 312.69 432.095 72.596c9.997-9.997 26.207-9.997 36.204 0l36.203 36.204c9.997 9.997 9.997 26.206 0 36.204l-294.4 294.401c-9.998 9.997-26.207 9.997-36.204-.001z"
              fill="currentColor"
            />
          </svg>
        </span>
        <span
          className="c14"
          dangerouslySetInnerHTML={
            Object {
              "__html": "<span class=\\"os-text\\">Test Page for Generic Styles</span>",
            }
          }
        />
      </label>
    </div>
  </div>
</div>
`;
