// Jest Snapshot v1, https://goo.gl/fbAQLP

exports[`ColorFilter matches snapshot 1`] = `
<div
  className="ColorFilter-sc-1rb80m9-0 hSgVHh"
  tabIndex={-1}
>
  <div
    className="AllOrNone-sc-7m1y94-0 divvKQ"
  >
    <button
      className="Button__PlainButton-ayg7nk-2 Button__ButtonLink-ayg7nk-3 gpSxlQ"
      onClick={[Function]}
    >
      All
    </button>
    <span>
      |
    </span>
    <button
      className="Button__PlainButton-ayg7nk-2 Button__ButtonLink-ayg7nk-3 gpSxlQ"
      onClick={[Function]}
    >
      None
    </button>
  </div>
  <label
    className="Checkbox-f0dje9-2 ksczzL"
  >
    <input
      checked={true}
      disabled={false}
      onChange={[Function]}
      type="checkbox"
    />
    <span
      className="Checkbox__CustomCheckbox-f0dje9-1 gLNaiW"
    >
      <svg
        aria-hidden="true"
        className="Checkbox__CheckIcon-f0dje9-0 irsTpS StyledIconBase-sc-bdy9j4 cCvWXa"
        fill="currentColor"
        focusable="false"
        viewBox="0 0 512 512"
      >
        <path
          d="M173.898 439.404l-166.4-166.4c-9.997-9.997-9.997-26.206 0-36.204l36.203-36.204c9.997-9.998 26.207-9.998 36.204 0L192 312.69 432.095 72.596c9.997-9.997 26.207-9.997 36.204 0l36.203 36.204c9.997 9.997 9.997 26.206 0 36.204l-294.4 294.401c-9.998 9.997-26.207 9.997-36.204-.001z"
          fill="currentColor"
        />
      </svg>
    </span>
    <div
      className="ColorIndicator-sc-1w5zl7g-1 kBHzhz"
    >
      <svg
        aria-hidden="true"
        className="ColorIndicator__CheckIcon-sc-1w5zl7g-0 Lufbl StyledIconBase-sc-bdy9j4 cCvWXa"
        fill="currentColor"
        focusable="false"
        viewBox="0 0 512 512"
      >
        <path
          d="M173.898 439.404l-166.4-166.4c-9.997-9.997-9.997-26.206 0-36.204l36.203-36.204c9.997-9.998 26.207-9.998 36.204 0L192 312.69 432.095 72.596c9.997-9.997 26.207-9.997 36.204 0l36.203 36.204c9.997 9.997 9.997 26.206 0 36.204l-294.4 294.401c-9.998 9.997-26.207 9.997-36.204-.001z"
          fill="currentColor"
        />
      </svg>
    </div>
    yellow
  </label>
  <label
    className="Checkbox-f0dje9-2 ksczzL"
  >
    <input
      checked={true}
      disabled={false}
      onChange={[Function]}
      type="checkbox"
    />
    <span
      className="Checkbox__CustomCheckbox-f0dje9-1 gLNaiW"
    >
      <svg
        aria-hidden="true"
        className="Checkbox__CheckIcon-f0dje9-0 irsTpS StyledIconBase-sc-bdy9j4 cCvWXa"
        fill="currentColor"
        focusable="false"
        viewBox="0 0 512 512"
      >
        <path
          d="M173.898 439.404l-166.4-166.4c-9.997-9.997-9.997-26.206 0-36.204l36.203-36.204c9.997-9.998 26.207-9.998 36.204 0L192 312.69 432.095 72.596c9.997-9.997 26.207-9.997 36.204 0l36.203 36.204c9.997 9.997 9.997 26.206 0 36.204l-294.4 294.401c-9.998 9.997-26.207 9.997-36.204-.001z"
          fill="currentColor"
        />
      </svg>
    </span>
    <div
      className="ColorIndicator-sc-1w5zl7g-1 dSRHOr"
    >
      <svg
        aria-hidden="true"
        className="ColorIndicator__CheckIcon-sc-1w5zl7g-0 Lufbl StyledIconBase-sc-bdy9j4 cCvWXa"
        fill="currentColor"
        focusable="false"
        viewBox="0 0 512 512"
      >
        <path
          d="M173.898 439.404l-166.4-166.4c-9.997-9.997-9.997-26.206 0-36.204l36.203-36.204c9.997-9.998 26.207-9.998 36.204 0L192 312.69 432.095 72.596c9.997-9.997 26.207-9.997 36.204 0l36.203 36.204c9.997 9.997 9.997 26.206 0 36.204l-294.4 294.401c-9.998 9.997-26.207 9.997-36.204-.001z"
          fill="currentColor"
        />
      </svg>
    </div>
    green
  </label>
  <label
    className="Checkbox-f0dje9-2 dfcJwl"
  >
    <input
      checked={false}
      disabled={true}
      onChange={[Function]}
      type="checkbox"
    />
    <span
      className="Checkbox__CustomCheckbox-f0dje9-1 hiDaBp"
    >
      <svg
        aria-hidden="true"
        className="Checkbox__CheckIcon-f0dje9-0 irsTpS StyledIconBase-sc-bdy9j4 cCvWXa"
        fill="currentColor"
        focusable="false"
        viewBox="0 0 512 512"
      >
        <path
          d="M173.898 439.404l-166.4-166.4c-9.997-9.997-9.997-26.206 0-36.204l36.203-36.204c9.997-9.998 26.207-9.998 36.204 0L192 312.69 432.095 72.596c9.997-9.997 26.207-9.997 36.204 0l36.203 36.204c9.997 9.997 9.997 26.206 0 36.204l-294.4 294.401c-9.998 9.997-26.207 9.997-36.204-.001z"
          fill="currentColor"
        />
      </svg>
    </span>
    <div
      className="ColorIndicator-sc-1w5zl7g-1 eibKCM"
    >
      <svg
        aria-hidden="true"
        className="ColorIndicator__CheckIcon-sc-1w5zl7g-0 Lufbl StyledIconBase-sc-bdy9j4 cCvWXa"
        fill="currentColor"
        focusable="false"
        viewBox="0 0 512 512"
      >
        <path
          d="M173.898 439.404l-166.4-166.4c-9.997-9.997-9.997-26.206 0-36.204l36.203-36.204c9.997-9.998 26.207-9.998 36.204 0L192 312.69 432.095 72.596c9.997-9.997 26.207-9.997 36.204 0l36.203 36.204c9.997 9.997 9.997 26.206 0 36.204l-294.4 294.401c-9.998 9.997-26.207 9.997-36.204-.001z"
          fill="currentColor"
        />
      </svg>
    </div>
    blue
  </label>
  <label
    className="Checkbox-f0dje9-2 dfcJwl"
  >
    <input
      checked={false}
      disabled={true}
      onChange={[Function]}
      type="checkbox"
    />
    <span
      className="Checkbox__CustomCheckbox-f0dje9-1 hiDaBp"
    >
      <svg
        aria-hidden="true"
        className="Checkbox__CheckIcon-f0dje9-0 irsTpS StyledIconBase-sc-bdy9j4 cCvWXa"
        fill="currentColor"
        focusable="false"
        viewBox="0 0 512 512"
      >
        <path
          d="M173.898 439.404l-166.4-166.4c-9.997-9.997-9.997-26.206 0-36.204l36.203-36.204c9.997-9.998 26.207-9.998 36.204 0L192 312.69 432.095 72.596c9.997-9.997 26.207-9.997 36.204 0l36.203 36.204c9.997 9.997 9.997 26.206 0 36.204l-294.4 294.401c-9.998 9.997-26.207 9.997-36.204-.001z"
          fill="currentColor"
        />
      </svg>
    </span>
    <div
      className="ColorIndicator-sc-1w5zl7g-1 ekjDWZ"
    >
      <svg
        aria-hidden="true"
        className="ColorIndicator__CheckIcon-sc-1w5zl7g-0 Lufbl StyledIconBase-sc-bdy9j4 cCvWXa"
        fill="currentColor"
        focusable="false"
        viewBox="0 0 512 512"
      >
        <path
          d="M173.898 439.404l-166.4-166.4c-9.997-9.997-9.997-26.206 0-36.204l36.203-36.204c9.997-9.998 26.207-9.998 36.204 0L192 312.69 432.095 72.596c9.997-9.997 26.207-9.997 36.204 0l36.203 36.204c9.997 9.997 9.997 26.206 0 36.204l-294.4 294.401c-9.998 9.997-26.207 9.997-36.204-.001z"
          fill="currentColor"
        />
      </svg>
    </div>
    purple
  </label>
  <label
    className="Checkbox-f0dje9-2 ksczzL"
  >
    <input
      checked={true}
      disabled={false}
      onChange={[Function]}
      type="checkbox"
    />
    <span
      className="Checkbox__CustomCheckbox-f0dje9-1 gLNaiW"
    >
      <svg
        aria-hidden="true"
        className="Checkbox__CheckIcon-f0dje9-0 irsTpS StyledIconBase-sc-bdy9j4 cCvWXa"
        fill="currentColor"
        focusable="false"
        viewBox="0 0 512 512"
      >
        <path
          d="M173.898 439.404l-166.4-166.4c-9.997-9.997-9.997-26.206 0-36.204l36.203-36.204c9.997-9.998 26.207-9.998 36.204 0L192 312.69 432.095 72.596c9.997-9.997 26.207-9.997 36.204 0l36.203 36.204c9.997 9.997 9.997 26.206 0 36.204l-294.4 294.401c-9.998 9.997-26.207 9.997-36.204-.001z"
          fill="currentColor"
        />
      </svg>
    </span>
    <div
      className="ColorIndicator-sc-1w5zl7g-1 hFYYXx"
    >
      <svg
        aria-hidden="true"
        className="ColorIndicator__CheckIcon-sc-1w5zl7g-0 Lufbl StyledIconBase-sc-bdy9j4 cCvWXa"
        fill="currentColor"
        focusable="false"
        viewBox="0 0 512 512"
      >
        <path
          d="M173.898 439.404l-166.4-166.4c-9.997-9.997-9.997-26.206 0-36.204l36.203-36.204c9.997-9.998 26.207-9.998 36.204 0L192 312.69 432.095 72.596c9.997-9.997 26.207-9.997 36.204 0l36.203 36.204c9.997 9.997 9.997 26.206 0 36.204l-294.4 294.401c-9.998 9.997-26.207 9.997-36.204-.001z"
          fill="currentColor"
        />
      </svg>
    </div>
    pink
  </label>
</div>
`;
