// Jest Snapshot v1, https://goo.gl/fbAQLP

exports[`Filters matches snapshot 1`] = `
.c9 {
  display: inline-block;
  vertical-align: -.125em;
  overflow: hidden;
}

.c7 {
  cursor: pointer;
  border: none;
  padding: 0;
  background: none;
}

.c5 {
  cursor: pointer;
}

.c3 > *:not(.c4) {
  -webkit-animation: 100ms bcCCNc ease-out;
  animation: 100ms bcCCNc ease-out;
  position: absolute;
  box-shadow: 0 0.5rem 0.5rem 0 rgba(0,0,0,0.1);
  border: 1px solid #d5d5d5;
  top: calc(100% + 0.4rem);
  left: 0;
}

.c2 {
  overflow: visible;
  position: relative;
}

.c11 {
  cursor: pointer;
  border: none;
  padding: 0;
  background: none;
  -webkit-align-items: center;
  -webkit-box-align: center;
  -ms-flex-align: center;
  align-items: center;
  color: #5e6062;
  height: 100%;
  min-width: 45px;
  display: -webkit-box;
  display: -webkit-flex;
  display: -ms-flexbox;
  display: flex;
  -webkit-box-pack: center;
  -webkit-justify-content: center;
  -ms-flex-pack: center;
  justify-content: center;
  -webkit-align-items: center;
  -webkit-box-align: center;
  -ms-flex-align: center;
  align-items: center;
}

.c11:hover,
.c11:focus {
  outline: none;
  color: #424242;
}

.c13 {
  font-weight: 600;
  font-family: Neue Helvetica W01;
  font-size: 1.6rem;
  line-height: 2.5rem;
  margin: 0 0 0 0.5rem;
}

.c12 {
  height: 2.5rem;
  width: 2.5rem;
  padding: 0.4rem;
}

.c15 {
  cursor: pointer;
  border: none;
  padding: 0;
  background: none;
  padding: 0.5rem;
}

.c15 svg {
  height: 1rem;
  width: 1rem;
}

.c16 {
  max-width: 80px;
  white-space: nowrap;
  overflow: hidden;
  text-overflow: ellipsis;
  text-transform: capitalize;
}

.c14 {
  font-family: Neue Helvetica W01;
  color: #424242;
  font-size: 1.4rem;
  display: -webkit-box;
  display: -webkit-flex;
  display: -ms-flexbox;
  display: flex;
  -webkit-flex-wrap: wrap;
  -ms-flex-wrap: wrap;
  flex-wrap: wrap;
  width: 100%;
  margin: 0;
  padding: 2rem 0;
  list-style: none;
}

.c14 li {
  margin-right: 2rem;
  display: -webkit-box;
  display: -webkit-flex;
  display: -ms-flexbox;
  display: flex;
  -webkit-align-items: center;
  -webkit-box-align: center;
  -ms-flex-align: center;
  align-items: center;
}

.c8 {
  color: #5e6062;
  width: 1rem;
  height: 2rem;
  margin-left: 0.8rem;
}

.c10 {
  min-width: auto;
  height: -webkit-max-content;
  height: -moz-max-content;
  height: max-content;
  margin-left: auto;
}

.c6 > div {
  outline: none;
  font-family: Neue Helvetica W01;
  color: #424242;
  font-size: 1.6rem;
  color: #5e6062;
  display: -webkit-box;
  display: -webkit-flex;
  display: -ms-flexbox;
  display: flex;
  -webkit-flex-direction: row;
  -ms-flex-direction: row;
  flex-direction: row;
  -webkit-align-items: center;
  -webkit-box-align: center;
  -ms-flex-align: center;
  align-items: center;
}

.c0 {
  overflow: visible;
  display: -webkit-box;
  display: -webkit-flex;
  display: -ms-flexbox;
  display: flex;
  -webkit-flex-flow: row wrap;
  -ms-flex-flow: row wrap;
  flex-flow: row wrap;
  -webkit-align-items: center;
  -webkit-box-align: center;
  -ms-flex-align: center;
  align-items: center;
  padding: 2.1rem 3.2rem 0 3.2rem;
  background: #fff;
}

.c0 .c4 {
  font-weight: bold;
}

.c0 .c1:first-of-type {
  margin-right: 8rem;
}

@media screen and (max-width:75em) {
  .c13 {
    display: none;
  }
}

@media screen and (max-width:75em) {
  .c14 {
    display: none;
  }
}

@media screen and (max-width:75em) {
  .c0 {
    padding: 0 1.6rem;
    height: 3.6rem;
  }
}

@media screen and (max-width:75em) {
  .c0 .c1:first-of-type {
    margin-right: 4.8rem;
  }
}

@media print {
  .c0 {
    display: none;
  }
}

<div
  className="c0"
>
  <div
    className="c1 c2 c3"
  >
    <button
      className="c4 c5 c6 c7"
      onClick={[Function]}
    >
      <div
        tabIndex={-1}
      >
        Chapter
        <svg
          aria-hidden="true"
          className="c8 c9"
          fill="currentColor"
          focusable="false"
          viewBox="0 0 320 512"
        >
          <path
            d="M143 352.3L7 216.3c-9.4-9.4-9.4-24.6 0-33.9l22.6-22.6c9.4-9.4 24.6-9.4 33.9 0l96.4 96.4 96.4-96.4c9.4-9.4 24.6-9.4 33.9 0l22.6 22.6c9.4 9.4 9.4 24.6 0 33.9l-136 136c-9.2 9.4-24.4 9.4-33.8 0z"
            fill="currentColor"
          />
        </svg>
      </div>
    </button>
  </div>
  <div
    className="c1 c2 c3"
  >
    <button
      className="c4 c5 c6 c7"
      onClick={[Function]}
    >
      <div
        tabIndex={-1}
      >
        Color
        <svg
          aria-hidden="true"
          className="c8 c9"
          fill="currentColor"
          focusable="false"
          viewBox="0 0 320 512"
        >
          <path
            d="M143 352.3L7 216.3c-9.4-9.4-9.4-24.6 0-33.9l22.6-22.6c9.4-9.4 24.6-9.4 33.9 0l96.4 96.4 96.4-96.4c9.4-9.4 24.6-9.4 33.9 0l22.6 22.6c9.4 9.4 9.4 24.6 0 33.9l-136 136c-9.2 9.4-24.4 9.4-33.8 0z"
            fill="currentColor"
          />
        </svg>
      </div>
    </button>
  </div>
  <button
    aria-label="print"
    className="c10 c11"
    data-testid="print"
    onClick={[Function]}
  >
    <svg
      aria-hidden="true"
      className="c12 c9"
      fill="currentColor"
      focusable="false"
      viewBox="0 0 512 512"
    >
      <path
        d="M448 192V77.25c0-8.49-3.37-16.62-9.37-22.63L393.37 9.37c-6-6-14.14-9.37-22.63-9.37H96C78.33 0 64 14.33 64 32v160c-35.35 0-64 28.65-64 64v112c0 8.84 7.16 16 16 16h48v96c0 17.67 14.33 32 32 32h320c17.67 0 32-14.33 32-32v-96h48c8.84 0 16-7.16 16-16V256c0-35.35-28.65-64-64-64zm-64 256H128v-96h256v96zm0-224H128V64h192v48c0 8.84 7.16 16 16 16h48v96zm48 72c-13.25 0-24-10.75-24-24 0-13.26 10.75-24 24-24s24 10.74 24 24c0 13.25-10.75 24-24 24z"
        fill="currentColor"
      />
    </svg>
    <span
      className="c13"
    >
      Print
    </span>
  </button>
  <ul
    className="c14"
  >
    <li>
      <button
        className="c15"
        onClick={[Function]}
      >
        <svg
          height="15px"
          version="1.1"
          viewBox="0 0 15 15"
          width="15px"
        >
          <g
            fill="none"
            fillRule="evenodd"
            stroke="none"
            strokeWidth="1"
          >
            <g
              fill="currentColor"
              transform="translate(-302.000000, -18.000000)"
            >
              <g
                transform="translate(302.000000, 18.000000)"
              >
                <path
                  d="M7.5,5.41522791 L12.0331524,0.579865364 C12.3077536,0.286957429 12.7165503,0.24816296 12.946282,0.493210121 L13.9861449,1.60239723 C14.2158766,1.84744439 14.1795068,2.28349422 13.9049056,2.57640216 L9.37175324,7.41176471 L13.9049056,12.2471273 C14.1795068,12.5400352 14.2158766,12.976085 13.9861449,13.2211322 L12.946282,14.3303193 C12.7165503,14.5753665 12.3077536,14.536572 12.0331524,14.243664 L7.5,9.4083015 L2.96684761,14.243664 C2.69224642,14.536572 2.2834497,14.5753665 2.05371799,14.3303193 L1.01385508,13.2211322 C0.784123363,12.976085 0.820493178,12.5400352 1.09509437,12.2471273 L5.62824676,7.41176471 L1.09509437,2.57640216 C0.820493178,2.28349422 0.784123363,1.84744439 1.01385508,1.60239723 L2.05371799,0.493210121 C2.2834497,0.24816296 2.69224642,0.286957429 2.96684761,0.579865364 L7.5,5.41522791 Z"
                />
              </g>
            </g>
          </g>
        </svg>
      </button>
      <span
        className="c16"
      >
        yellow
      </span>
    </li>
    <li>
      <button
        className="c15"
        onClick={[Function]}
      >
        <svg
          height="15px"
          version="1.1"
          viewBox="0 0 15 15"
          width="15px"
        >
          <g
            fill="none"
            fillRule="evenodd"
            stroke="none"
            strokeWidth="1"
          >
            <g
              fill="currentColor"
              transform="translate(-302.000000, -18.000000)"
            >
              <g
                transform="translate(302.000000, 18.000000)"
              >
                <path
                  d="M7.5,5.41522791 L12.0331524,0.579865364 C12.3077536,0.286957429 12.7165503,0.24816296 12.946282,0.493210121 L13.9861449,1.60239723 C14.2158766,1.84744439 14.1795068,2.28349422 13.9049056,2.57640216 L9.37175324,7.41176471 L13.9049056,12.2471273 C14.1795068,12.5400352 14.2158766,12.976085 13.9861449,13.2211322 L12.946282,14.3303193 C12.7165503,14.5753665 12.3077536,14.536572 12.0331524,14.243664 L7.5,9.4083015 L2.96684761,14.243664 C2.69224642,14.536572 2.2834497,14.5753665 2.05371799,14.3303193 L1.01385508,13.2211322 C0.784123363,12.976085 0.820493178,12.5400352 1.09509437,12.2471273 L5.62824676,7.41176471 L1.09509437,2.57640216 C0.820493178,2.28349422 0.784123363,1.84744439 1.01385508,1.60239723 L2.05371799,0.493210121 C2.2834497,0.24816296 2.69224642,0.286957429 2.96684761,0.579865364 L7.5,5.41522791 Z"
                />
              </g>
            </g>
          </g>
        </svg>
      </button>
      <span
        className="c16"
      >
        green
      </span>
    </li>
    <li>
      <button
        className="c15"
        onClick={[Function]}
      >
        <svg
          height="15px"
          version="1.1"
          viewBox="0 0 15 15"
          width="15px"
        >
          <g
            fill="none"
            fillRule="evenodd"
            stroke="none"
            strokeWidth="1"
          >
            <g
              fill="currentColor"
              transform="translate(-302.000000, -18.000000)"
            >
              <g
                transform="translate(302.000000, 18.000000)"
              >
                <path
                  d="M7.5,5.41522791 L12.0331524,0.579865364 C12.3077536,0.286957429 12.7165503,0.24816296 12.946282,0.493210121 L13.9861449,1.60239723 C14.2158766,1.84744439 14.1795068,2.28349422 13.9049056,2.57640216 L9.37175324,7.41176471 L13.9049056,12.2471273 C14.1795068,12.5400352 14.2158766,12.976085 13.9861449,13.2211322 L12.946282,14.3303193 C12.7165503,14.5753665 12.3077536,14.536572 12.0331524,14.243664 L7.5,9.4083015 L2.96684761,14.243664 C2.69224642,14.536572 2.2834497,14.5753665 2.05371799,14.3303193 L1.01385508,13.2211322 C0.784123363,12.976085 0.820493178,12.5400352 1.09509437,12.2471273 L5.62824676,7.41176471 L1.09509437,2.57640216 C0.820493178,2.28349422 0.784123363,1.84744439 1.01385508,1.60239723 L2.05371799,0.493210121 C2.2834497,0.24816296 2.69224642,0.286957429 2.96684761,0.579865364 L7.5,5.41522791 Z"
                />
              </g>
            </g>
          </g>
        </svg>
      </button>
      <span
        className="c16"
      >
        blue
      </span>
    </li>
    <li>
      <button
        className="c15"
        onClick={[Function]}
      >
        <svg
          height="15px"
          version="1.1"
          viewBox="0 0 15 15"
          width="15px"
        >
          <g
            fill="none"
            fillRule="evenodd"
            stroke="none"
            strokeWidth="1"
          >
            <g
              fill="currentColor"
              transform="translate(-302.000000, -18.000000)"
            >
              <g
                transform="translate(302.000000, 18.000000)"
              >
                <path
                  d="M7.5,5.41522791 L12.0331524,0.579865364 C12.3077536,0.286957429 12.7165503,0.24816296 12.946282,0.493210121 L13.9861449,1.60239723 C14.2158766,1.84744439 14.1795068,2.28349422 13.9049056,2.57640216 L9.37175324,7.41176471 L13.9049056,12.2471273 C14.1795068,12.5400352 14.2158766,12.976085 13.9861449,13.2211322 L12.946282,14.3303193 C12.7165503,14.5753665 12.3077536,14.536572 12.0331524,14.243664 L7.5,9.4083015 L2.96684761,14.243664 C2.69224642,14.536572 2.2834497,14.5753665 2.05371799,14.3303193 L1.01385508,13.2211322 C0.784123363,12.976085 0.820493178,12.5400352 1.09509437,12.2471273 L5.62824676,7.41176471 L1.09509437,2.57640216 C0.820493178,2.28349422 0.784123363,1.84744439 1.01385508,1.60239723 L2.05371799,0.493210121 C2.2834497,0.24816296 2.69224642,0.286957429 2.96684761,0.579865364 L7.5,5.41522791 Z"
                />
              </g>
            </g>
          </g>
        </svg>
      </button>
      <span
        className="c16"
      >
        purple
      </span>
    </li>
    <li>
      <button
        className="c15"
        onClick={[Function]}
      >
        <svg
          height="15px"
          version="1.1"
          viewBox="0 0 15 15"
          width="15px"
        >
          <g
            fill="none"
            fillRule="evenodd"
            stroke="none"
            strokeWidth="1"
          >
            <g
              fill="currentColor"
              transform="translate(-302.000000, -18.000000)"
            >
              <g
                transform="translate(302.000000, 18.000000)"
              >
                <path
                  d="M7.5,5.41522791 L12.0331524,0.579865364 C12.3077536,0.286957429 12.7165503,0.24816296 12.946282,0.493210121 L13.9861449,1.60239723 C14.2158766,1.84744439 14.1795068,2.28349422 13.9049056,2.57640216 L9.37175324,7.41176471 L13.9049056,12.2471273 C14.1795068,12.5400352 14.2158766,12.976085 13.9861449,13.2211322 L12.946282,14.3303193 C12.7165503,14.5753665 12.3077536,14.536572 12.0331524,14.243664 L7.5,9.4083015 L2.96684761,14.243664 C2.69224642,14.536572 2.2834497,14.5753665 2.05371799,14.3303193 L1.01385508,13.2211322 C0.784123363,12.976085 0.820493178,12.5400352 1.09509437,12.2471273 L5.62824676,7.41176471 L1.09509437,2.57640216 C0.820493178,2.28349422 0.784123363,1.84744439 1.01385508,1.60239723 L2.05371799,0.493210121 C2.2834497,0.24816296 2.69224642,0.286957429 2.96684761,0.579865364 L7.5,5.41522791 Z"
                />
              </g>
            </g>
          </g>
        </svg>
      </button>
      <span
        className="c16"
      >
        pink
      </span>
    </li>
  </ul>
</div>
`;
