// Jest Snapshot v1, https://goo.gl/fbAQLP

exports[`practice questions button does not render if feature flag is not enabled and there are no practice questions 1`] = `null`;

exports[`practice questions button renders if feature flag is enabled and there are practice questions 1`] = `null`;
