// Jest Snapshot v1, https://goo.gl/fbAQLP

exports[`create app container renders 1`] = `null`;
