// Jest Snapshot v1, https://goo.gl/fbAQLP

exports[`EmptyScreen for practice questions renders properly and dispatches action on click 1`] = `
<div
  className="EmptyScreen__StyledEmptyScreen-sc-1mb50p9-0 jHxBTh"
>
  <span>
    There are no questions for this chapter/section.
  </span>
  <div
    className="NextSectionMessage__StyledNextSectionMessage-qtwzgn-0 drZgce"
  >
    <div
      className="NextSectionMessage__StyledMessage-qtwzgn-1 TEURJ"
    >
      <span
        className="NextSectionMessage__StyledMessageText-qtwzgn-2 iCtbqd"
      >
        Select a section from the dropdown above or continue to 
      </span>
      <span
        className="NextSectionMessage__StyledSectionTitle-qtwzgn-3 cmlWLO"
        dangerouslySetInnerHTML={
          Object {
            "__html": "some title",
          }
        }
      />
    </div>
    <button
      className="Button__PlainButton-ayg7nk-2 PQButton-ypamof-0 gVmNzz"
      onClick={[Function]}
    >
      Continue
    </button>
  </div>
</div>
`;
