// Jest Snapshot v1, https://goo.gl/fbAQLP

exports[`IntroScreen renders properly for 1 question 1`] = `
<div
  className="IntroScreen__IntroScreenWrapper-h8gm9y-0 bsGjos"
>
  <span
    className="IntroScreen__IntroScreenMessage-h8gm9y-1 hubyCw"
  >
    2 questions in this section
  </span>
  <button
    className="Button__PlainButton-ayg7nk-2 PQButton-ypamof-0 dWFayQ"
    data-analytics-label="Start now"
    onClick={[Function]}
  >
    Start now
  </button>
</div>
`;

exports[`IntroScreen renders properly for 2 questions 1`] = `
<div
  className="IntroScreen__IntroScreenWrapper-h8gm9y-0 bsGjos"
>
  <span
    className="IntroScreen__IntroScreenMessage-h8gm9y-1 hubyCw"
  >
    2 questions in this section
  </span>
  <button
    className="Button__PlainButton-ayg7nk-2 PQButton-ypamof-0 dWFayQ"
    data-analytics-label="Start now"
    onClick={[Function]}
  >
    Start now
  </button>
</div>
`;
