// Jest Snapshot v1, https://goo.gl/fbAQLP

exports[`PracticeQuestions doesn't render practice questions modal if it is closed 1`] = `null`;

exports[`PracticeQuestions renders practice questions modal if it is open 1`] = `null`;
