// Jest Snapshot v1, https://goo.gl/fbAQLP

exports[`Notifications matches snapshot 1`] = `
.c7 {
  display: -webkit-box;
  display: -webkit-flex;
  display: -ms-flexbox;
  display: flex;
  -webkit-align-items: center;
  -webkit-box-align: center;
  -ms-flex-align: center;
  align-items: center;
  -webkit-box-pack: center;
  -webkit-justify-content: center;
  -ms-flex-pack: center;
  justify-content: center;
  font-family: Neue Helvetica W01;
  border-radius: 0.2rem;
  font-size: 1.6rem;
  height: 4rem;
  padding: 0 3rem;
  color: #fff;
  background-color: #f36b32;
  font-weight: bold;
  border: none;
}

.c7:hover {
  background-color: #e96128;
}

.c7:active {
  background-color: #df571e;
}

.c6 {
  display: grid;
  grid-gap: 1rem;
}

.c2 {
  width: 100%;
}

.c4 {
  font-family: Neue Helvetica W01;
  color: #424242;
  font-size: 1.6rem;
  line-height: 2.5rem;
  margin: 0;
  padding: 1rem;
}

.c4 a {
  color: #027EB5;
  cursor: pointer;
  -webkit-text-decoration: none;
  text-decoration: none;
  border-bottom: #027EB5 solid 0.02em;
}

.c4 a:hover {
  color: #0064A0;
}

.c1 {
  margin: 0.5rem;
  background-color: #fff;
  border-style: solid;
  border-color: #e5e5e5;
  display: -webkit-box;
  display: -webkit-flex;
  display: -ms-flexbox;
  display: flex;
  -webkit-flex-basis: 100%;
  -ms-flex-preferred-size: 100%;
  flex-basis: 100%;
  -webkit-flex-direction: column;
  -ms-flex-direction: column;
  flex-direction: column;
  border-width: thin;
  box-shadow: 0 1rem 2rem 0 rgba(0,0,0,0.2);
  overflow: visible;
}

.c1 > .c5 {
  padding: 1rem;
  margin: 0;
}

.c3 {
  font-family: Neue Helvetica W01;
  color: #424242;
  font-size: 1.6rem;
  line-height: 2.5rem;
  padding: 0.5rem 1rem;
  font-weight: bold;
  background-color: #fafafa;
  line-height: 4rem;
  margin-bottom: 1rem;
}

.c3 a {
  color: #027EB5;
  cursor: pointer;
  -webkit-text-decoration: none;
  text-decoration: none;
  border-bottom: #027EB5 solid 0.02em;
}

.c3 a:hover {
  color: #0064A0;
}

.c0 {
  z-index: 2;
  top: 0;
  right: 0;
  overflow: visible;
  position: fixed;
}

@media (max-width:73.125em) {
  .c2 {
    display: -webkit-box;
    display: -webkit-flex;
    display: -ms-flexbox;
    display: flex;
    -webkit-flex-direction: column;
    -ms-flex-direction: column;
    flex-direction: column;
    -webkit-box-pack: center;
    -webkit-justify-content: center;
    -ms-flex-pack: center;
    justify-content: center;
  }
}

@media (max-width:73.125em) {
  .c4 {
    padding: 0 1rem;
  }
}

@media (max-width:73.125em) {
  .c1 {
    max-width: 117rem;
    margin: 0 auto;
    box-shadow: none;
    border: none;
    -webkit-flex-direction: row;
    -ms-flex-direction: row;
    flex-direction: row;
  }
}

@media (max-width:73.125em) {
  .c3 {
    line-height: 1rem;
    margin: 0;
    background-color: initial;
  }
}

@media (max-width:73.125em) {
  .c0 {
    z-index: 1;
    position: -webkit-sticky;
    position: sticky;
    border-bottom: thin solid #e5e5e5;
    padding: 0 3.2rem;
  }
}

<div
  className="c0"
>
  <div
    className="c1"
  >
    <div
      className="c2"
    >
      <div
        className="c3"
      >
        Updates Available
      </div>
      <p
        className="c4"
      >
        This page needs to be reloaded.
      </p>
    </div>
    <div
      className="c5 c6"
    >
      <button
        className="c7"
        onClick={[Function]}
      >
        Reload
      </button>
    </div>
  </div>
</div>
`;
