// Jest Snapshot v1, https://goo.gl/fbAQLP

exports[`content route route renders renders a component 1`] = `null`;
